<?xml version="1.0"?>
<link_info>
   <banner>MSP430 Linker PC v15.12.3.LTS</banner>
   <copyright>Copyright (c) 2003-2015 Texas Instruments Incorporated</copyright>
   <link_time>0x57ed53c3</link_time>
   <link_errors>0x0</link_errors>
   <output_file>M1_FileSystemEmulation.out</output_file>
   <entry_point>
      <name>_c_int00_noargs_noexit</name>
      <address>0x77da</address>
   </entry_point>
   <input_file_list>
      <input_file id="fl-2">
         <path>.\</path>
         <kind>object</kind>
         <file>hal.obj</file>
         <name>hal.obj</name>
      </input_file>
      <input_file id="fl-3">
         <path>.\</path>
         <kind>object</kind>
         <file>main.obj</file>
         <name>main.obj</name>
      </input_file>
      <input_file id="fl-4">
         <path>.\</path>
         <kind>object</kind>
         <file>system_pre_init.obj</file>
         <name>system_pre_init.obj</name>
      </input_file>
      <input_file id="fl-5">
         <path>.\USB_API\USB_CDC_API\</path>
         <kind>object</kind>
         <file>UsbCdc.obj</file>
         <name>UsbCdc.obj</name>
      </input_file>
      <input_file id="fl-6">
         <path>.\USB_API\USB_Common\</path>
         <kind>object</kind>
         <file>usb.obj</file>
         <name>usb.obj</name>
      </input_file>
      <input_file id="fl-7">
         <path>.\USB_API\USB_Common\</path>
         <kind>object</kind>
         <file>usbdma.obj</file>
         <name>usbdma.obj</name>
      </input_file>
      <input_file id="fl-8">
         <path>.\USB_API\USB_HID_API\</path>
         <kind>object</kind>
         <file>UsbHid.obj</file>
         <name>UsbHid.obj</name>
      </input_file>
      <input_file id="fl-9">
         <path>.\USB_API\USB_HID_API\</path>
         <kind>object</kind>
         <file>UsbHidReq.obj</file>
         <name>UsbHidReq.obj</name>
      </input_file>
      <input_file id="fl-a">
         <path>.\USB_API\USB_MSC_API\</path>
         <kind>object</kind>
         <file>UsbMscReq.obj</file>
         <name>UsbMscReq.obj</name>
      </input_file>
      <input_file id="fl-b">
         <path>.\USB_API\USB_MSC_API\</path>
         <kind>object</kind>
         <file>UsbMscScsi.obj</file>
         <name>UsbMscScsi.obj</name>
      </input_file>
      <input_file id="fl-c">
         <path>.\USB_API\USB_MSC_API\</path>
         <kind>object</kind>
         <file>UsbMscStateMachine.obj</file>
         <name>UsbMscStateMachine.obj</name>
      </input_file>
      <input_file id="fl-d">
         <path>.\USB_API\USB_PHDC_API\</path>
         <kind>object</kind>
         <file>UsbPHDC.obj</file>
         <name>UsbPHDC.obj</name>
      </input_file>
      <input_file id="fl-e">
         <path>.\USB_app\FatFs\</path>
         <kind>object</kind>
         <file>ff.obj</file>
         <name>ff.obj</name>
      </input_file>
      <input_file id="fl-f">
         <path>.\USB_app\FatFs\</path>
         <kind>object</kind>
         <file>mmc.obj</file>
         <name>mmc.obj</name>
      </input_file>
      <input_file id="fl-10">
         <path>.\USB_app\</path>
         <kind>object</kind>
         <file>mscFse.obj</file>
         <name>mscFse.obj</name>
      </input_file>
      <input_file id="fl-11">
         <path>.\USB_app\</path>
         <kind>object</kind>
         <file>storageVolume.obj</file>
         <name>storageVolume.obj</name>
      </input_file>
      <input_file id="fl-12">
         <path>.\USB_app\</path>
         <kind>object</kind>
         <file>usbEventHandling.obj</file>
         <name>usbEventHandling.obj</name>
      </input_file>
      <input_file id="fl-13">
         <path>.\USB_config\</path>
         <kind>object</kind>
         <file>UsbIsr.obj</file>
         <name>UsbIsr.obj</name>
      </input_file>
      <input_file id="fl-14">
         <path>.\USB_config\</path>
         <kind>object</kind>
         <file>descriptors.obj</file>
         <name>descriptors.obj</name>
      </input_file>
      <input_file id="fl-15">
         <path>.\driverlib\MSP430F5xx_6xx\</path>
         <kind>object</kind>
         <file>adc10_a.obj</file>
         <name>adc10_a.obj</name>
      </input_file>
      <input_file id="fl-16">
         <path>.\driverlib\MSP430F5xx_6xx\</path>
         <kind>object</kind>
         <file>adc12_a.obj</file>
         <name>adc12_a.obj</name>
      </input_file>
      <input_file id="fl-17">
         <path>.\driverlib\MSP430F5xx_6xx\</path>
         <kind>object</kind>
         <file>aes.obj</file>
         <name>aes.obj</name>
      </input_file>
      <input_file id="fl-18">
         <path>.\driverlib\MSP430F5xx_6xx\</path>
         <kind>object</kind>
         <file>battbak.obj</file>
         <name>battbak.obj</name>
      </input_file>
      <input_file id="fl-19">
         <path>.\driverlib\MSP430F5xx_6xx\</path>
         <kind>object</kind>
         <file>comp_b.obj</file>
         <name>comp_b.obj</name>
      </input_file>
      <input_file id="fl-1a">
         <path>.\driverlib\MSP430F5xx_6xx\</path>
         <kind>object</kind>
         <file>crc.obj</file>
         <name>crc.obj</name>
      </input_file>
      <input_file id="fl-1b">
         <path>.\driverlib\MSP430F5xx_6xx\</path>
         <kind>object</kind>
         <file>ctsd16.obj</file>
         <name>ctsd16.obj</name>
      </input_file>
      <input_file id="fl-1c">
         <path>.\driverlib\MSP430F5xx_6xx\</path>
         <kind>object</kind>
         <file>dac12_a.obj</file>
         <name>dac12_a.obj</name>
      </input_file>
      <input_file id="fl-1d">
         <path>.\driverlib\MSP430F5xx_6xx\</path>
         <kind>object</kind>
         <file>dma.obj</file>
         <name>dma.obj</name>
      </input_file>
      <input_file id="fl-1e">
         <path>.\driverlib\MSP430F5xx_6xx\</path>
         <kind>object</kind>
         <file>eusci_a_spi.obj</file>
         <name>eusci_a_spi.obj</name>
      </input_file>
      <input_file id="fl-1f">
         <path>.\driverlib\MSP430F5xx_6xx\</path>
         <kind>object</kind>
         <file>eusci_a_uart.obj</file>
         <name>eusci_a_uart.obj</name>
      </input_file>
      <input_file id="fl-20">
         <path>.\driverlib\MSP430F5xx_6xx\</path>
         <kind>object</kind>
         <file>eusci_b_i2c.obj</file>
         <name>eusci_b_i2c.obj</name>
      </input_file>
      <input_file id="fl-21">
         <path>.\driverlib\MSP430F5xx_6xx\</path>
         <kind>object</kind>
         <file>eusci_b_spi.obj</file>
         <name>eusci_b_spi.obj</name>
      </input_file>
      <input_file id="fl-22">
         <path>.\driverlib\MSP430F5xx_6xx\</path>
         <kind>object</kind>
         <file>flashctl.obj</file>
         <name>flashctl.obj</name>
      </input_file>
      <input_file id="fl-23">
         <path>.\driverlib\MSP430F5xx_6xx\</path>
         <kind>object</kind>
         <file>gpio.obj</file>
         <name>gpio.obj</name>
      </input_file>
      <input_file id="fl-24">
         <path>.\driverlib\MSP430F5xx_6xx\</path>
         <kind>object</kind>
         <file>lcd_b.obj</file>
         <name>lcd_b.obj</name>
      </input_file>
      <input_file id="fl-25">
         <path>.\driverlib\MSP430F5xx_6xx\</path>
         <kind>object</kind>
         <file>ldopwr.obj</file>
         <name>ldopwr.obj</name>
      </input_file>
      <input_file id="fl-26">
         <path>.\driverlib\MSP430F5xx_6xx\</path>
         <kind>object</kind>
         <file>mpy32.obj</file>
         <name>mpy32.obj</name>
      </input_file>
      <input_file id="fl-27">
         <path>.\driverlib\MSP430F5xx_6xx\</path>
         <kind>object</kind>
         <file>oa.obj</file>
         <name>oa.obj</name>
      </input_file>
      <input_file id="fl-28">
         <path>.\driverlib\MSP430F5xx_6xx\</path>
         <kind>object</kind>
         <file>pmap.obj</file>
         <name>pmap.obj</name>
      </input_file>
      <input_file id="fl-29">
         <path>.\driverlib\MSP430F5xx_6xx\</path>
         <kind>object</kind>
         <file>pmm.obj</file>
         <name>pmm.obj</name>
      </input_file>
      <input_file id="fl-2a">
         <path>.\driverlib\MSP430F5xx_6xx\</path>
         <kind>object</kind>
         <file>ram.obj</file>
         <name>ram.obj</name>
      </input_file>
      <input_file id="fl-2b">
         <path>.\driverlib\MSP430F5xx_6xx\</path>
         <kind>object</kind>
         <file>ref.obj</file>
         <name>ref.obj</name>
      </input_file>
      <input_file id="fl-2c">
         <path>.\driverlib\MSP430F5xx_6xx\</path>
         <kind>object</kind>
         <file>rtc_a.obj</file>
         <name>rtc_a.obj</name>
      </input_file>
      <input_file id="fl-2d">
         <path>.\driverlib\MSP430F5xx_6xx\</path>
         <kind>object</kind>
         <file>rtc_b.obj</file>
         <name>rtc_b.obj</name>
      </input_file>
      <input_file id="fl-2e">
         <path>.\driverlib\MSP430F5xx_6xx\</path>
         <kind>object</kind>
         <file>rtc_c.obj</file>
         <name>rtc_c.obj</name>
      </input_file>
      <input_file id="fl-2f">
         <path>.\driverlib\MSP430F5xx_6xx\</path>
         <kind>object</kind>
         <file>sd24_b.obj</file>
         <name>sd24_b.obj</name>
      </input_file>
      <input_file id="fl-30">
         <path>.\driverlib\MSP430F5xx_6xx\</path>
         <kind>object</kind>
         <file>sfr.obj</file>
         <name>sfr.obj</name>
      </input_file>
      <input_file id="fl-31">
         <path>.\driverlib\MSP430F5xx_6xx\</path>
         <kind>object</kind>
         <file>sysctl.obj</file>
         <name>sysctl.obj</name>
      </input_file>
      <input_file id="fl-32">
         <path>.\driverlib\MSP430F5xx_6xx\</path>
         <kind>object</kind>
         <file>tec.obj</file>
         <name>tec.obj</name>
      </input_file>
      <input_file id="fl-33">
         <path>.\driverlib\MSP430F5xx_6xx\</path>
         <kind>object</kind>
         <file>timer_a.obj</file>
         <name>timer_a.obj</name>
      </input_file>
      <input_file id="fl-34">
         <path>.\driverlib\MSP430F5xx_6xx\</path>
         <kind>object</kind>
         <file>timer_b.obj</file>
         <name>timer_b.obj</name>
      </input_file>
      <input_file id="fl-35">
         <path>.\driverlib\MSP430F5xx_6xx\</path>
         <kind>object</kind>
         <file>timer_d.obj</file>
         <name>timer_d.obj</name>
      </input_file>
      <input_file id="fl-36">
         <path>.\driverlib\MSP430F5xx_6xx\</path>
         <kind>object</kind>
         <file>tlv.obj</file>
         <name>tlv.obj</name>
      </input_file>
      <input_file id="fl-37">
         <path>.\driverlib\MSP430F5xx_6xx\</path>
         <kind>object</kind>
         <file>ucs.obj</file>
         <name>ucs.obj</name>
      </input_file>
      <input_file id="fl-38">
         <path>.\driverlib\MSP430F5xx_6xx\</path>
         <kind>object</kind>
         <file>usci_a_spi.obj</file>
         <name>usci_a_spi.obj</name>
      </input_file>
      <input_file id="fl-39">
         <path>.\driverlib\MSP430F5xx_6xx\</path>
         <kind>object</kind>
         <file>usci_a_uart.obj</file>
         <name>usci_a_uart.obj</name>
      </input_file>
      <input_file id="fl-3a">
         <path>.\driverlib\MSP430F5xx_6xx\</path>
         <kind>object</kind>
         <file>usci_b_i2c.obj</file>
         <name>usci_b_i2c.obj</name>
      </input_file>
      <input_file id="fl-3b">
         <path>.\driverlib\MSP430F5xx_6xx\</path>
         <kind>object</kind>
         <file>usci_b_spi.obj</file>
         <name>usci_b_spi.obj</name>
      </input_file>
      <input_file id="fl-3c">
         <path>.\driverlib\MSP430F5xx_6xx\</path>
         <kind>object</kind>
         <file>wdt_a.obj</file>
         <name>wdt_a.obj</name>
      </input_file>
      <input_file id="fl-5f">
         <path>C:\ti\ccsv6\tools\compiler\msp430_15.12.3.LTS\lib\</path>
         <kind>archive</kind>
         <file>rts430x_lc_ld_eabi.lib</file>
         <name>boot.obj</name>
      </input_file>
      <input_file id="fl-60">
         <path>C:\ti\ccsv6\tools\compiler\msp430_15.12.3.LTS\lib\</path>
         <kind>archive</kind>
         <file>rts430x_lc_ld_eabi.lib</file>
         <name>boot_special.obj</name>
      </input_file>
      <input_file id="fl-61">
         <path>C:\ti\ccsv6\tools\compiler\msp430_15.12.3.LTS\lib\</path>
         <kind>archive</kind>
         <file>rts430x_lc_ld_eabi.lib</file>
         <name>copy_decompress_none.obj</name>
      </input_file>
      <input_file id="fl-62">
         <path>C:\ti\ccsv6\tools\compiler\msp430_15.12.3.LTS\lib\</path>
         <kind>archive</kind>
         <file>rts430x_lc_ld_eabi.lib</file>
         <name>copy_decompress_rle.obj</name>
      </input_file>
      <input_file id="fl-63">
         <path>C:\ti\ccsv6\tools\compiler\msp430_15.12.3.LTS\lib\</path>
         <kind>archive</kind>
         <file>rts430x_lc_ld_eabi.lib</file>
         <name>copy_zero_init.obj</name>
      </input_file>
      <input_file id="fl-64">
         <path>C:\ti\ccsv6\tools\compiler\msp430_15.12.3.LTS\lib\</path>
         <kind>archive</kind>
         <file>rts430x_lc_ld_eabi.lib</file>
         <name>div16s.obj</name>
      </input_file>
      <input_file id="fl-65">
         <path>C:\ti\ccsv6\tools\compiler\msp430_15.12.3.LTS\lib\</path>
         <kind>archive</kind>
         <file>rts430x_lc_ld_eabi.lib</file>
         <name>div16u.obj</name>
      </input_file>
      <input_file id="fl-66">
         <path>C:\ti\ccsv6\tools\compiler\msp430_15.12.3.LTS\lib\</path>
         <kind>archive</kind>
         <file>rts430x_lc_ld_eabi.lib</file>
         <name>div32s.obj</name>
      </input_file>
      <input_file id="fl-67">
         <path>C:\ti\ccsv6\tools\compiler\msp430_15.12.3.LTS\lib\</path>
         <kind>archive</kind>
         <file>rts430x_lc_ld_eabi.lib</file>
         <name>div32u.obj</name>
      </input_file>
      <input_file id="fl-68">
         <path>C:\ti\ccsv6\tools\compiler\msp430_15.12.3.LTS\lib\</path>
         <kind>archive</kind>
         <file>rts430x_lc_ld_eabi.lib</file>
         <name>exit.obj</name>
      </input_file>
      <input_file id="fl-69">
         <path>C:\ti\ccsv6\tools\compiler\msp430_15.12.3.LTS\lib\</path>
         <kind>archive</kind>
         <file>rts430x_lc_ld_eabi.lib</file>
         <name>exit_gvars.obj</name>
      </input_file>
      <input_file id="fl-6a">
         <path>C:\ti\ccsv6\tools\compiler\msp430_15.12.3.LTS\lib\</path>
         <kind>archive</kind>
         <file>rts430x_lc_ld_eabi.lib</file>
         <name>int41.obj</name>
      </input_file>
      <input_file id="fl-6b">
         <path>C:\ti\ccsv6\tools\compiler\msp430_15.12.3.LTS\lib\</path>
         <kind>archive</kind>
         <file>rts430x_lc_ld_eabi.lib</file>
         <name>int42.obj</name>
      </input_file>
      <input_file id="fl-6c">
         <path>C:\ti\ccsv6\tools\compiler\msp430_15.12.3.LTS\lib\</path>
         <kind>archive</kind>
         <file>rts430x_lc_ld_eabi.lib</file>
         <name>int43.obj</name>
      </input_file>
      <input_file id="fl-6d">
         <path>C:\ti\ccsv6\tools\compiler\msp430_15.12.3.LTS\lib\</path>
         <kind>archive</kind>
         <file>rts430x_lc_ld_eabi.lib</file>
         <name>int44.obj</name>
      </input_file>
      <input_file id="fl-6e">
         <path>C:\ti\ccsv6\tools\compiler\msp430_15.12.3.LTS\lib\</path>
         <kind>archive</kind>
         <file>rts430x_lc_ld_eabi.lib</file>
         <name>int45.obj</name>
      </input_file>
      <input_file id="fl-6f">
         <path>C:\ti\ccsv6\tools\compiler\msp430_15.12.3.LTS\lib\</path>
         <kind>archive</kind>
         <file>rts430x_lc_ld_eabi.lib</file>
         <name>int46.obj</name>
      </input_file>
      <input_file id="fl-70">
         <path>C:\ti\ccsv6\tools\compiler\msp430_15.12.3.LTS\lib\</path>
         <kind>archive</kind>
         <file>rts430x_lc_ld_eabi.lib</file>
         <name>int47.obj</name>
      </input_file>
      <input_file id="fl-71">
         <path>C:\ti\ccsv6\tools\compiler\msp430_15.12.3.LTS\lib\</path>
         <kind>archive</kind>
         <file>rts430x_lc_ld_eabi.lib</file>
         <name>int48.obj</name>
      </input_file>
      <input_file id="fl-72">
         <path>C:\ti\ccsv6\tools\compiler\msp430_15.12.3.LTS\lib\</path>
         <kind>archive</kind>
         <file>rts430x_lc_ld_eabi.lib</file>
         <name>int49.obj</name>
      </input_file>
      <input_file id="fl-73">
         <path>C:\ti\ccsv6\tools\compiler\msp430_15.12.3.LTS\lib\</path>
         <kind>archive</kind>
         <file>rts430x_lc_ld_eabi.lib</file>
         <name>int50.obj</name>
      </input_file>
      <input_file id="fl-74">
         <path>C:\ti\ccsv6\tools\compiler\msp430_15.12.3.LTS\lib\</path>
         <kind>archive</kind>
         <file>rts430x_lc_ld_eabi.lib</file>
         <name>int52.obj</name>
      </input_file>
      <input_file id="fl-75">
         <path>C:\ti\ccsv6\tools\compiler\msp430_15.12.3.LTS\lib\</path>
         <kind>archive</kind>
         <file>rts430x_lc_ld_eabi.lib</file>
         <name>int53.obj</name>
      </input_file>
      <input_file id="fl-76">
         <path>C:\ti\ccsv6\tools\compiler\msp430_15.12.3.LTS\lib\</path>
         <kind>archive</kind>
         <file>rts430x_lc_ld_eabi.lib</file>
         <name>int54.obj</name>
      </input_file>
      <input_file id="fl-77">
         <path>C:\ti\ccsv6\tools\compiler\msp430_15.12.3.LTS\lib\</path>
         <kind>archive</kind>
         <file>rts430x_lc_ld_eabi.lib</file>
         <name>int55.obj</name>
      </input_file>
      <input_file id="fl-78">
         <path>C:\ti\ccsv6\tools\compiler\msp430_15.12.3.LTS\lib\</path>
         <kind>archive</kind>
         <file>rts430x_lc_ld_eabi.lib</file>
         <name>int56.obj</name>
      </input_file>
      <input_file id="fl-79">
         <path>C:\ti\ccsv6\tools\compiler\msp430_15.12.3.LTS\lib\</path>
         <kind>archive</kind>
         <file>rts430x_lc_ld_eabi.lib</file>
         <name>int57.obj</name>
      </input_file>
      <input_file id="fl-7a">
         <path>C:\ti\ccsv6\tools\compiler\msp430_15.12.3.LTS\lib\</path>
         <kind>archive</kind>
         <file>rts430x_lc_ld_eabi.lib</file>
         <name>int58.obj</name>
      </input_file>
      <input_file id="fl-7b">
         <path>C:\ti\ccsv6\tools\compiler\msp430_15.12.3.LTS\lib\</path>
         <kind>archive</kind>
         <file>rts430x_lc_ld_eabi.lib</file>
         <name>int59.obj</name>
      </input_file>
      <input_file id="fl-7c">
         <path>C:\ti\ccsv6\tools\compiler\msp430_15.12.3.LTS\lib\</path>
         <kind>archive</kind>
         <file>rts430x_lc_ld_eabi.lib</file>
         <name>int60.obj</name>
      </input_file>
      <input_file id="fl-7d">
         <path>C:\ti\ccsv6\tools\compiler\msp430_15.12.3.LTS\lib\</path>
         <kind>archive</kind>
         <file>rts430x_lc_ld_eabi.lib</file>
         <name>int62.obj</name>
      </input_file>
      <input_file id="fl-7e">
         <path>C:\ti\ccsv6\tools\compiler\msp430_15.12.3.LTS\lib\</path>
         <kind>archive</kind>
         <file>rts430x_lc_ld_eabi.lib</file>
         <name>isr_trap.obj</name>
      </input_file>
      <input_file id="fl-7f">
         <path>C:\ti\ccsv6\tools\compiler\msp430_15.12.3.LTS\lib\</path>
         <kind>archive</kind>
         <file>rts430x_lc_ld_eabi.lib</file>
         <name>lsl16.obj</name>
      </input_file>
      <input_file id="fl-80">
         <path>C:\ti\ccsv6\tools\compiler\msp430_15.12.3.LTS\lib\</path>
         <kind>archive</kind>
         <file>rts430x_lc_ld_eabi.lib</file>
         <name>lsl32.obj</name>
      </input_file>
      <input_file id="fl-81">
         <path>C:\ti\ccsv6\tools\compiler\msp430_15.12.3.LTS\lib\</path>
         <kind>archive</kind>
         <file>rts430x_lc_ld_eabi.lib</file>
         <name>lsr16.obj</name>
      </input_file>
      <input_file id="fl-82">
         <path>C:\ti\ccsv6\tools\compiler\msp430_15.12.3.LTS\lib\</path>
         <kind>archive</kind>
         <file>rts430x_lc_ld_eabi.lib</file>
         <name>lsr32.obj</name>
      </input_file>
      <input_file id="fl-83">
         <path>C:\ti\ccsv6\tools\compiler\msp430_15.12.3.LTS\lib\</path>
         <kind>archive</kind>
         <file>rts430x_lc_ld_eabi.lib</file>
         <name>memcpy.obj</name>
      </input_file>
      <input_file id="fl-84">
         <path>C:\ti\ccsv6\tools\compiler\msp430_15.12.3.LTS\lib\</path>
         <kind>archive</kind>
         <file>rts430x_lc_ld_eabi.lib</file>
         <name>memset.obj</name>
      </input_file>
      <input_file id="fl-85">
         <path>C:\ti\ccsv6\tools\compiler\msp430_15.12.3.LTS\lib\</path>
         <kind>archive</kind>
         <file>rts430x_lc_ld_eabi.lib</file>
         <name>mpu_init.obj</name>
      </input_file>
      <input_file id="fl-86">
         <path>C:\ti\ccsv6\tools\compiler\msp430_15.12.3.LTS\lib\</path>
         <kind>archive</kind>
         <file>rts430x_lc_ld_eabi.lib</file>
         <name>mult16.obj</name>
      </input_file>
      <input_file id="fl-87">
         <path>C:\ti\ccsv6\tools\compiler\msp430_15.12.3.LTS\lib\</path>
         <kind>archive</kind>
         <file>rts430x_lc_ld_eabi.lib</file>
         <name>mult1632.obj</name>
      </input_file>
      <input_file id="fl-88">
         <path>C:\ti\ccsv6\tools\compiler\msp430_15.12.3.LTS\lib\</path>
         <kind>archive</kind>
         <file>rts430x_lc_ld_eabi.lib</file>
         <name>mult1632_f5hw.obj</name>
      </input_file>
      <input_file id="fl-89">
         <path>C:\ti\ccsv6\tools\compiler\msp430_15.12.3.LTS\lib\</path>
         <kind>archive</kind>
         <file>rts430x_lc_ld_eabi.lib</file>
         <name>mult16_f5hw.obj</name>
      </input_file>
      <input_file id="fl-8a">
         <path>C:\ti\ccsv6\tools\compiler\msp430_15.12.3.LTS\lib\</path>
         <kind>archive</kind>
         <file>rts430x_lc_ld_eabi.lib</file>
         <name>mult32.obj</name>
      </input_file>
      <input_file id="fl-8b">
         <path>C:\ti\ccsv6\tools\compiler\msp430_15.12.3.LTS\lib\</path>
         <kind>archive</kind>
         <file>rts430x_lc_ld_eabi.lib</file>
         <name>mult3264_f5hw.obj</name>
      </input_file>
      <input_file id="fl-8c">
         <path>C:\ti\ccsv6\tools\compiler\msp430_15.12.3.LTS\lib\</path>
         <kind>archive</kind>
         <file>rts430x_lc_ld_eabi.lib</file>
         <name>mult32_f5hw.obj</name>
      </input_file>
      <input_file id="fl-8d">
         <path>C:\ti\ccsv6\tools\compiler\msp430_15.12.3.LTS\lib\</path>
         <kind>archive</kind>
         <file>rts430x_lc_ld_eabi.lib</file>
         <name>mult64_f5hw.obj</name>
      </input_file>
      <input_file id="fl-8e">
         <path>C:\ti\ccsv6\tools\compiler\msp430_15.12.3.LTS\lib\</path>
         <kind>archive</kind>
         <file>rts430x_lc_ld_eabi.lib</file>
         <name>_lock.obj</name>
      </input_file>
      <input_file id="fl-8f">
         <path>C:\ti\ccsv6\tools\compiler\msp430_15.12.3.LTS\lib\</path>
         <kind>archive</kind>
         <file>rts430x_lc_ld_eabi.lib</file>
         <name>args_main.obj</name>
      </input_file>
      <input_file id="fl-90">
         <path>C:\ti\ccsv6\tools\compiler\msp430_15.12.3.LTS\lib\</path>
         <kind>archive</kind>
         <file>rts430x_lc_ld_eabi.lib</file>
         <name>autoinit_wdt.obj</name>
      </input_file>
      <input_file id="fl-91">
         <path>C:\ti\ccsv6\tools\compiler\msp430_15.12.3.LTS\lib\</path>
         <kind>archive</kind>
         <file>rts430x_lc_ld_eabi.lib</file>
         <name>cpy_tbl.obj</name>
      </input_file>
      <input_file id="fl-92">
         <path>C:\ti\ccsv6\tools\compiler\msp430_15.12.3.LTS\lib\</path>
         <kind>archive</kind>
         <file>rts430x_lc_ld_eabi.lib</file>
         <name>startup.obj</name>
      </input_file>
      <input_file id="fl-93">
         <path>C:\ti\ccsv6\tools\compiler\msp430_15.12.3.LTS\lib\</path>
         <kind>archive</kind>
         <file>rts430x_lc_ld_eabi.lib</file>
         <name>asr32.obj</name>
      </input_file>
   </input_file_list>
   <object_component_list>
      <object_component id="oc-579">
         <name>.bss</name>
         <uninitialized>true</uninitialized>
         <run_address>0x27f4</run_address>
         <size>0xb</size>
         <input_file_ref idref="fl-6"/>
      </object_component>
      <object_component id="oc-57c">
         <name>.common:wBytesRemainingOnIEP0</name>
         <uninitialized>true</uninitialized>
         <run_address>0x281c</run_address>
         <size>0x2</size>
      </object_component>
      <object_component id="oc-57d">
         <name>.common:wBytesRemainingOnOEP0</name>
         <uninitialized>true</uninitialized>
         <run_address>0x281e</run_address>
         <size>0x2</size>
      </object_component>
      <object_component id="oc-548">
         <name>.common:abUsbRequestReturnData</name>
         <uninitialized>true</uninitialized>
         <run_address>0x2808</run_address>
         <size>0x8</size>
      </object_component>
      <object_component id="oc-80a">
         <name>.common:abramSerialStringDescriptor</name>
         <uninitialized>true</uninitialized>
         <run_address>0x2746</run_address>
         <size>0x22</size>
      </object_component>
      <object_component id="oc-547">
         <name>.common:bStatusAction</name>
         <uninitialized>true</uninitialized>
         <run_address>0x27ff</run_address>
         <size>0x1</size>
      </object_component>
      <object_component id="oc-46f">
         <name>.common:wUsbEventMask</name>
         <uninitialized>true</uninitialized>
         <run_address>0x2820</run_address>
         <size>0x2</size>
      </object_component>
      <object_component id="oc-5c6">
         <name>.common:USB_TX_memcpy</name>
         <uninitialized>true</uninitialized>
         <run_address>0x2818</run_address>
         <size>0x4</size>
      </object_component>
      <object_component id="oc-5ab">
         <name>.common:USB_RX_memcpy</name>
         <uninitialized>true</uninitialized>
         <run_address>0x2814</run_address>
         <size>0x4</size>
      </object_component>
      <object_component id="oc-5a9">
         <name>.common:MscWriteControl</name>
         <uninitialized>true</uninitialized>
         <run_address>0x2724</run_address>
         <size>0x22</size>
      </object_component>
      <object_component id="oc-5bf">
         <name>.common:MscReadControl</name>
         <uninitialized>true</uninitialized>
         <run_address>0x27a8</run_address>
         <size>0x1e</size>
      </object_component>
      <object_component id="oc-5ae">
         <name>.common:sRwbuf</name>
         <uninitialized>true</uninitialized>
         <run_address>0x2700</run_address>
         <size>0x24</size>
      </object_component>
      <object_component id="oc-5aa">
         <name>.common:McsCbw</name>
         <uninitialized>true</uninitialized>
         <run_address>0x2768</run_address>
         <size>0x20</size>
      </object_component>
      <object_component id="oc-7f1">
         <name>.common:McsCsw</name>
         <uninitialized>true</uninitialized>
         <run_address>0x27da</run_address>
         <size>0xe</size>
      </object_component>
      <object_component id="oc-586">
         <name>.common:MscState</name>
         <uninitialized>true</uninitialized>
         <run_address>0x27c6</run_address>
         <size>0x14</size>
      </object_component>
      <object_component id="oc-904">
         <name>.common:Scsi_Standard_Inquiry_Data</name>
         <uninitialized>true</uninitialized>
         <run_address>0x2600</run_address>
         <size>0x100</size>
      </object_component>
      <object_component id="oc-774">
         <name>.common:RequestSenseResponse</name>
         <uninitialized>true</uninitialized>
         <run_address>0x2788</run_address>
         <size>0x20</size>
      </object_component>
      <object_component id="oc-71a">
         <name>.common:Scsi_Read_Capacity_10</name>
         <uninitialized>true</uninitialized>
         <run_address>0x2800</run_address>
         <size>0x8</size>
      </object_component>
      <object_component id="oc-64e">
         <name>.common:RW_dataBuf</name>
         <uninitialized>true</uninitialized>
         <run_address>0x2400</run_address>
         <size>0x200</size>
      </object_component>
      <object_component id="oc-644">
         <name>.common:RWbuf_info</name>
         <uninitialized>true</uninitialized>
         <run_address>0x2810</run_address>
         <size>0x4</size>
      </object_component>
      <object_component id="oc-647">
         <name>.common:mediaInfo</name>
         <uninitialized>true</uninitialized>
         <run_address>0x27e8</run_address>
         <size>0xc</size>
      </object_component>
      <object_component id="oc-556">
         <name>.data</name>
         <load_address>0x285a</load_address>
         <run_address>0x285a</run_address>
         <size>0x8</size>
         <input_file_ref idref="fl-6"/>
      </object_component>
      <object_component id="oc-5af">
         <name>.data:MscControl</name>
         <load_address>0x2842</load_address>
         <run_address>0x2842</run_address>
         <size>0x10</size>
         <input_file_ref idref="fl-b"/>
      </object_component>
      <object_component id="oc-900">
         <name>.data:Scsi_Mode_Sense_6</name>
         <load_address>0x2862</load_address>
         <run_address>0x2862</run_address>
         <size>0x4</size>
         <input_file_ref idref="fl-b"/>
      </object_component>
      <object_component id="oc-8fc">
         <name>.data:Scsi_Mode_Sense_10</name>
         <load_address>0x2852</load_address>
         <run_address>0x2852</run_address>
         <size>0x8</size>
         <input_file_ref idref="fl-b"/>
      </object_component>
      <object_component id="oc-71b">
         <name>.data:USBMSC_config</name>
         <load_address>0x2822</load_address>
         <run_address>0x2822</run_address>
         <size>0x1f</size>
         <input_file_ref idref="fl-14"/>
      </object_component>
      <object_component id="oc-3e0">
         <name>.stack</name>
         <uninitialized>true</uninitialized>
         <run_address>0x4360</run_address>
         <size>0x4</size>
         <input_file_ref idref="fl-5f"/>
      </object_component>
      <object_component id="oc-997">
         <name>.stack</name>
         <uninitialized>true</uninitialized>
         <run_address>0x4360</run_address>
         <size>0x0</size>
      </object_component>
      <object_component id="oc-4ae">
         <name>.text:MSCFromHostToBuffer</name>
         <load_address>0x4400</load_address>
         <run_address>0x4400</run_address>
         <size>0x372</size>
         <input_file_ref idref="fl-b"/>
      </object_component>
      <object_component id="oc-670">
         <name>.text:USBMSC_processBuffer</name>
         <load_address>0x4772</load_address>
         <run_address>0x4772</run_address>
         <size>0x2d8</size>
         <input_file_ref idref="fl-b"/>
      </object_component>
      <object_component id="oc-4b4">
         <name>.text:MSCToHostFromBuffer</name>
         <load_address>0x4a4a</load_address>
         <run_address>0x4a4a</run_address>
         <size>0x296</size>
         <input_file_ref idref="fl-b"/>
      </object_component>
      <object_component id="oc-764">
         <name>.text:Scsi_Cmd_Parser</name>
         <load_address>0x4ce0</load_address>
         <run_address>0x4ce0</run_address>
         <size>0x21a</size>
         <input_file_ref idref="fl-b"/>
      </object_component>
      <object_component id="oc-648">
         <name>.text:USBMSC_updateMediaInformation</name>
         <load_address>0x4efa</load_address>
         <run_address>0x4efa</run_address>
         <size>0x180</size>
         <input_file_ref idref="fl-b"/>
      </object_component>
      <object_component id="oc-664">
         <name>.text:USBMSC_pollCommand</name>
         <load_address>0x507a</load_address>
         <run_address>0x507a</run_address>
         <size>0x116</size>
         <input_file_ref idref="fl-c"/>
      </object_component>
      <object_component id="oc-484">
         <name>.text:USB_reset</name>
         <load_address>0x5190</load_address>
         <run_address>0x5190</run_address>
         <size>0x10a</size>
         <input_file_ref idref="fl-6"/>
      </object_component>
      <object_component id="oc-844">
         <name>.text:Scsi_Write10</name>
         <load_address>0x529a</load_address>
         <run_address>0x529a</run_address>
         <size>0x102</size>
         <input_file_ref idref="fl-b"/>
      </object_component>
      <object_component id="oc-868">
         <name>.text:Scsi_Inquiry</name>
         <load_address>0x539c</load_address>
         <run_address>0x539c</run_address>
         <size>0xf8</size>
         <input_file_ref idref="fl-b"/>
      </object_component>
      <object_component id="oc-84a">
         <name>.text:Scsi_Read10</name>
         <load_address>0x5494</load_address>
         <run_address>0x5494</run_address>
         <size>0xea</size>
         <input_file_ref idref="fl-b"/>
      </object_component>
      <object_component id="oc-709">
         <name>.text:UCS_initFLL</name>
         <load_address>0x557e</load_address>
         <run_address>0x557e</run_address>
         <size>0xe2</size>
         <input_file_ref idref="fl-37"/>
      </object_component>
      <object_component id="oc-8e8">
         <name>.text:Check_CBW</name>
         <load_address>0x5660</load_address>
         <run_address>0x5660</run_address>
         <size>0xd4</size>
         <input_file_ref idref="fl-b"/>
      </object_component>
      <object_component id="oc-550">
         <name>.text:USB_enable</name>
         <load_address>0x5734</load_address>
         <run_address>0x5734</run_address>
         <size>0xd2</size>
         <input_file_ref idref="fl-6"/>
      </object_component>
      <object_component id="oc-612">
         <name>.text:PMM_setVCoreUp</name>
         <load_address>0x5806</load_address>
         <run_address>0x5806</run_address>
         <size>0xce</size>
         <input_file_ref idref="fl-29"/>
      </object_component>
      <object_component id="oc-86e">
         <name>.text:Scsi_Request_Sense</name>
         <load_address>0x58d4</load_address>
         <run_address>0x58d4</run_address>
         <size>0xc6</size>
         <input_file_ref idref="fl-b"/>
      </object_component>
      <object_component id="oc-73e">
         <name>.text:USB_InitSerialStringDescriptor</name>
         <load_address>0x599a</load_address>
         <run_address>0x599a</run_address>
         <size>0xc6</size>
         <input_file_ref idref="fl-6"/>
      </object_component>
      <object_component id="oc-597">
         <name>.text:USB_determineFreq</name>
         <load_address>0x5a60</load_address>
         <run_address>0x5a60</run_address>
         <size>0xae</size>
         <input_file_ref idref="fl-6"/>
      </object_component>
      <object_component id="oc-41c">
         <name>.text:_auto_init_hold_wdt</name>
         <load_address>0x5b0e</load_address>
         <run_address>0x5b0e</run_address>
         <size>0xa8</size>
         <input_file_ref idref="fl-90"/>
      </object_component>
      <object_component id="oc-51a">
         <name>.text:USBHAL_initPorts</name>
         <load_address>0x5bb6</load_address>
         <run_address>0x5bb6</run_address>
         <size>0x98</size>
         <input_file_ref idref="fl-2"/>
      </object_component>
      <object_component id="oc-532">
         <name>.text:USB_getConnectionState</name>
         <load_address>0x5c4e</load_address>
         <run_address>0x5c4e</run_address>
         <size>0x96</size>
         <input_file_ref idref="fl-6"/>
      </object_component>
      <object_component id="oc-60c">
         <name>.text:PMM_setVCoreDown</name>
         <load_address>0x5ce4</load_address>
         <run_address>0x5ce4</run_address>
         <size>0x94</size>
         <input_file_ref idref="fl-29"/>
      </object_component>
      <object_component id="oc-5b2">
         <name>.text:MscCopyUsbToBuff</name>
         <load_address>0x5d78</load_address>
         <run_address>0x5d78</run_address>
         <size>0x8e</size>
         <input_file_ref idref="fl-b"/>
      </object_component>
      <object_component id="oc-626">
         <name>.text:UCS_initClockSignal</name>
         <load_address>0x5e06</load_address>
         <run_address>0x5e06</run_address>
         <size>0x8c</size>
         <input_file_ref idref="fl-37"/>
      </object_component>
      <object_component id="oc-656">
         <name>.text:USB_init</name>
         <load_address>0x5e92</load_address>
         <run_address>0x5e92</run_address>
         <size>0x8c</size>
         <input_file_ref idref="fl-6"/>
      </object_component>
      <object_component id="oc-549">
         <name>.text:usbDecodeAndProcessUsbRequest</name>
         <load_address>0x5f1e</load_address>
         <run_address>0x5f1e</run_address>
         <size>0x88</size>
         <input_file_ref idref="fl-6"/>
      </object_component>
      <object_component id="oc-78f">
         <name>.text:usbClearEndpointFeature</name>
         <load_address>0x5fa6</load_address>
         <run_address>0x5fa6</run_address>
         <size>0x7e</size>
         <input_file_ref idref="fl-6"/>
      </object_component>
      <object_component id="oc-538">
         <name>.text:USBMSC_processFSEBuffer</name>
         <load_address>0x6024</load_address>
         <run_address>0x6024</run_address>
         <size>0x7a</size>
         <input_file_ref idref="fl-10"/>
      </object_component>
      <object_component id="oc-856">
         <name>.text:Scsi_Unknown_Request</name>
         <load_address>0x609e</load_address>
         <run_address>0x609e</run_address>
         <size>0x78</size>
         <input_file_ref idref="fl-b"/>
      </object_component>
      <object_component id="oc-5cf">
         <name>.text:usbSendNextPacketOnIEP0</name>
         <load_address>0x6116</load_address>
         <run_address>0x6116</run_address>
         <size>0x74</size>
         <input_file_ref idref="fl-6"/>
      </object_component>
      <object_component id="oc-4e2">
         <name>.text:copy_in</name>
         <load_address>0x618a</load_address>
         <run_address>0x618a</run_address>
         <size>0x72</size>
         <input_file_ref idref="fl-91"/>
      </object_component>
      <object_component id="oc-490">
         <name>.text:PWRVBUSoffHandler</name>
         <load_address>0x61fc</load_address>
         <run_address>0x61fc</run_address>
         <size>0x6e</size>
         <input_file_ref idref="fl-13"/>
      </object_component>
      <object_component id="oc-7bf">
         <name>.text:usbGetEndpointStatus</name>
         <load_address>0x626a</load_address>
         <run_address>0x626a</run_address>
         <size>0x6e</size>
         <input_file_ref idref="fl-6"/>
      </object_component>
      <object_component id="oc-5c0">
         <name>.text:MscSendData</name>
         <load_address>0x62d8</load_address>
         <run_address>0x62d8</run_address>
         <size>0x68</size>
         <input_file_ref idref="fl-b"/>
      </object_component>
      <object_component id="oc-3f1">
         <name>.text:__TI_decompress_rle_core</name>
         <load_address>0x6340</load_address>
         <run_address>0x6340</run_address>
         <size>0x68</size>
         <input_file_ref idref="fl-62"/>
      </object_component>
      <object_component id="oc-821">
         <name>.text:memcpyDMA</name>
         <load_address>0x63a8</load_address>
         <run_address>0x63a8</run_address>
         <size>0x68</size>
         <input_file_ref idref="fl-7"/>
      </object_component>
      <object_component id="oc-775">
         <name>.text:Reset_RequestSenseResponse</name>
         <load_address>0x6410</load_address>
         <run_address>0x6410</run_address>
         <size>0x64</size>
         <input_file_ref idref="fl-b"/>
      </object_component>
      <object_component id="oc-81b">
         <name>.text:DMA_init</name>
         <load_address>0x6474</load_address>
         <run_address>0x6474</run_address>
         <size>0x62</size>
         <input_file_ref idref="fl-1d"/>
      </object_component>
      <object_component id="oc-49c">
         <name>.text:PWRVBUSonHandler</name>
         <load_address>0x64d6</load_address>
         <run_address>0x64d6</run_address>
         <size>0x62</size>
         <input_file_ref idref="fl-13"/>
      </object_component>
      <object_component id="oc-436">
         <name>.text:main</name>
         <load_address>0x6538</load_address>
         <run_address>0x6538</run_address>
         <size>0x62</size>
         <input_file_ref idref="fl-3"/>
      </object_component>
      <object_component id="oc-744">
         <name>.text:USB_initMemcpy</name>
         <load_address>0x659a</load_address>
         <run_address>0x659a</run_address>
         <size>0x5e</size>
         <input_file_ref idref="fl-7"/>
      </object_component>
      <object_component id="oc-85c">
         <name>.text:Scsi_Mode_Sense10</name>
         <load_address>0x65f8</load_address>
         <run_address>0x65f8</run_address>
         <size>0x5a</size>
         <input_file_ref idref="fl-b"/>
      </object_component>
      <object_component id="oc-862">
         <name>.text:Scsi_Mode_Sense6</name>
         <load_address>0x6652</load_address>
         <run_address>0x6652</run_address>
         <size>0x5a</size>
         <input_file_ref idref="fl-b"/>
      </object_component>
      <object_component id="oc-75e">
         <name>.text:Scsi_Verify_CBW</name>
         <load_address>0x66ac</load_address>
         <run_address>0x66ac</run_address>
         <size>0x5a</size>
         <input_file_ref idref="fl-b"/>
      </object_component>
      <object_component id="oc-62c">
         <name>.text</name>
         <load_address>0x6706</load_address>
         <run_address>0x6706</run_address>
         <size>0x58</size>
         <input_file_ref idref="fl-67"/>
      </object_component>
      <object_component id="oc-7d7">
         <name>.text:usbSetEndpointFeature</name>
         <load_address>0x675e</load_address>
         <run_address>0x675e</run_address>
         <size>0x54</size>
         <input_file_ref idref="fl-6"/>
      </object_component>
      <object_component id="oc-7a7">
         <name>.text:usbGetStringDescriptor</name>
         <load_address>0x67b2</load_address>
         <run_address>0x67b2</run_address>
         <size>0x50</size>
         <input_file_ref idref="fl-6"/>
      </object_component>
      <object_component id="oc-64f">
         <name>.text:USBMSC_registerBufferInformation</name>
         <load_address>0x6802</load_address>
         <run_address>0x6802</run_address>
         <size>0x4e</size>
         <input_file_ref idref="fl-b"/>
      </object_component>
      <object_component id="oc-80b">
         <name>.text:TLV_getInfo</name>
         <load_address>0x6850</load_address>
         <run_address>0x6850</run_address>
         <size>0x4c</size>
         <input_file_ref idref="fl-36"/>
      </object_component>
      <object_component id="oc-5c8">
         <name>.text:usbReceiveNextPacketOnOEP0</name>
         <load_address>0x689c</load_address>
         <run_address>0x689c</run_address>
         <size>0x4c</size>
         <input_file_ref idref="fl-6"/>
      </object_component>
      <object_component id="oc-7dd">
         <name>.text:usbSetInterface</name>
         <load_address>0x68e8</load_address>
         <run_address>0x68e8</run_address>
         <size>0x4c</size>
         <input_file_ref idref="fl-6"/>
      </object_component>
      <object_component id="oc-514">
         <name>.text:PMM_setVCore</name>
         <load_address>0x6934</load_address>
         <run_address>0x6934</run_address>
         <size>0x4a</size>
         <input_file_ref idref="fl-29"/>
      </object_component>
      <object_component id="oc-463">
         <name>.text:SetupPacketInterruptHandler</name>
         <load_address>0x697e</load_address>
         <run_address>0x697e</run_address>
         <size>0x4a</size>
         <input_file_ref idref="fl-13"/>
      </object_component>
      <object_component id="oc-52c">
         <name>.text:USB_setup</name>
         <load_address>0x69c8</load_address>
         <run_address>0x69c8</run_address>
         <size>0x4a</size>
         <input_file_ref idref="fl-6"/>
      </object_component>
      <object_component id="oc-66a">
         <name>.text:disk_read</name>
         <load_address>0x6a12</load_address>
         <run_address>0x6a12</run_address>
         <size>0x4a</size>
         <input_file_ref idref="fl-f"/>
      </object_component>
      <object_component id="oc-589">
         <name>.text:USBMSC_reset</name>
         <load_address>0x6a5c</load_address>
         <run_address>0x6a5c</run_address>
         <size>0x46</size>
         <input_file_ref idref="fl-a"/>
      </object_component>
      <object_component id="oc-6a6">
         <name>.text:Msc_ResetStruct</name>
         <load_address>0x6aa2</load_address>
         <run_address>0x6aa2</run_address>
         <size>0x44</size>
         <input_file_ref idref="fl-b"/>
      </object_component>
      <object_component id="oc-77c">
         <name>.text:flashWrite_LBA</name>
         <load_address>0x6ae6</load_address>
         <run_address>0x6ae6</run_address>
         <size>0x42</size>
         <input_file_ref idref="fl-f"/>
      </object_component>
      <object_component id="oc-687">
         <name>.text:UCS_turnOnXT2WithTimeout</name>
         <load_address>0x6b28</load_address>
         <run_address>0x6b28</run_address>
         <size>0x40</size>
         <input_file_ref idref="fl-37"/>
      </object_component>
      <object_component id="oc-676">
         <name>.text:disk_write</name>
         <load_address>0x6b68</load_address>
         <run_address>0x6b68</run_address>
         <size>0x40</size>
         <input_file_ref idref="fl-f"/>
      </object_component>
      <object_component id="oc-730">
         <name>.text:Scsi_Send_CSW</name>
         <load_address>0x6ba8</load_address>
         <run_address>0x6ba8</run_address>
         <size>0x3e</size>
         <input_file_ref idref="fl-b"/>
      </object_component>
      <object_component id="oc-520">
         <name>.text:USBHAL_initClocks</name>
         <load_address>0x6be6</load_address>
         <run_address>0x6be6</run_address>
         <size>0x3e</size>
         <input_file_ref idref="fl-2"/>
      </object_component>
      <object_component id="oc-71e">
         <name>.text:USBMSC_getState</name>
         <load_address>0x6c24</load_address>
         <run_address>0x6c24</run_address>
         <size>0x3e</size>
         <input_file_ref idref="fl-b"/>
      </object_component>
      <object_component id="oc-526">
         <name>.text:USBMSC_initFSE</name>
         <load_address>0x6c62</load_address>
         <run_address>0x6c62</run_address>
         <size>0x3e</size>
         <input_file_ref idref="fl-10"/>
      </object_component>
      <object_component id="oc-4e8">
         <name>.text:l_asr_const</name>
         <load_address>0x6ca0</load_address>
         <run_address>0x6ca0</run_address>
         <size>0x3e</size>
         <input_file_ref idref="fl-93"/>
      </object_component>
      <object_component id="oc-581">
         <name>.text:l_lsl_const</name>
         <load_address>0x6cde</load_address>
         <run_address>0x6cde</run_address>
         <size>0x3e</size>
         <input_file_ref idref="fl-80"/>
      </object_component>
      <object_component id="oc-631">
         <name>.text:l_lsr_const</name>
         <load_address>0x6d1c</load_address>
         <run_address>0x6d1c</run_address>
         <size>0x3e</size>
         <input_file_ref idref="fl-82"/>
      </object_component>
      <object_component id="oc-7c5">
         <name>.text:usbSetAddress</name>
         <load_address>0x6d5a</load_address>
         <run_address>0x6d5a</run_address>
         <size>0x34</size>
         <input_file_ref idref="fl-6"/>
      </object_component>
      <object_component id="oc-850">
         <name>.text:Scsi_Read_Capacity10</name>
         <load_address>0x6d8e</load_address>
         <run_address>0x6d8e</run_address>
         <size>0x32</size>
         <input_file_ref idref="fl-b"/>
      </object_component>
      <object_component id="oc-636">
         <name>.text:UCS_initFLLSettle</name>
         <load_address>0x6dc0</load_address>
         <run_address>0x6dc0</run_address>
         <size>0x32</size>
         <input_file_ref idref="fl-37"/>
      </object_component>
      <object_component id="oc-65c">
         <name>.text:USB_getConnectionInformation</name>
         <load_address>0x6df2</load_address>
         <run_address>0x6df2</run_address>
         <size>0x32</size>
         <input_file_ref idref="fl-6"/>
      </object_component>
      <object_component id="oc-815">
         <name>.text:memcpyV</name>
         <load_address>0x6e24</load_address>
         <run_address>0x6e24</run_address>
         <size>0x32</size>
         <input_file_ref idref="fl-7"/>
      </object_component>
      <object_component id="oc-69a">
         <name>.text:Msc_ResetStateMachine</name>
         <load_address>0x6e56</load_address>
         <run_address>0x6e56</run_address>
         <size>0x30</size>
         <input_file_ref idref="fl-c"/>
      </object_component>
      <object_component id="oc-478">
         <name>.text:USB_suspend</name>
         <load_address>0x6e86</load_address>
         <run_address>0x6e86</run_address>
         <size>0x30</size>
         <input_file_ref idref="fl-6"/>
      </object_component>
      <object_component id="oc-7cb">
         <name>.text:usbSetConfiguration</name>
         <load_address>0x6eb6</load_address>
         <run_address>0x6eb6</run_address>
         <size>0x30</size>
         <input_file_ref idref="fl-6"/>
      </object_component>
      <object_component id="oc-82b">
         <name>.text:usbStallEndpoint</name>
         <load_address>0x6ee6</load_address>
         <run_address>0x6ee6</run_address>
         <size>0x2e</size>
         <input_file_ref idref="fl-b"/>
      </object_component>
      <object_component id="oc-7b3">
         <name>.text:usbGetDeviceStatus</name>
         <load_address>0x6f14</load_address>
         <run_address>0x6f14</run_address>
         <size>0x2c</size>
         <input_file_ref idref="fl-6"/>
      </object_component>
      <object_component id="oc-3e4">
         <name>.text:memcpy</name>
         <load_address>0x6f40</load_address>
         <run_address>0x6f40</run_address>
         <size>0x2a</size>
         <input_file_ref idref="fl-83"/>
      </object_component>
      <object_component id="oc-8bb">
         <name>.text:DMA_setDstAddress</name>
         <load_address>0x6f6a</load_address>
         <run_address>0x6f6a</run_address>
         <size>0x28</size>
         <input_file_ref idref="fl-1d"/>
      </object_component>
      <object_component id="oc-619">
         <name>.text:GPIO_setAsOutputPin</name>
         <load_address>0x6f92</load_address>
         <run_address>0x6f92</run_address>
         <size>0x28</size>
         <input_file_ref idref="fl-23"/>
      </object_component>
      <object_component id="oc-681">
         <name>.text:GPIO_setAsPeripheralModuleFunctionOutputPin</name>
         <load_address>0x6fba</load_address>
         <run_address>0x6fba</run_address>
         <size>0x28</size>
         <input_file_ref idref="fl-23"/>
      </object_component>
      <object_component id="oc-838">
         <name>.text:Scsi_Report_Luns</name>
         <load_address>0x6fe2</load_address>
         <run_address>0x6fe2</run_address>
         <size>0x28</size>
         <input_file_ref idref="fl-b"/>
      </object_component>
      <object_component id="oc-8b5">
         <name>.text:DMA_setSrcAddress</name>
         <load_address>0x700a</load_address>
         <run_address>0x700a</run_address>
         <size>0x26</size>
         <input_file_ref idref="fl-1d"/>
      </object_component>
      <object_component id="oc-58f">
         <name>.text:MscResetData</name>
         <load_address>0x7030</load_address>
         <run_address>0x7030</run_address>
         <size>0x24</size>
         <input_file_ref idref="fl-b"/>
      </object_component>
      <object_component id="oc-5db">
         <name>.text</name>
         <load_address>0x7054</load_address>
         <run_address>0x7054</run_address>
         <size>0x24</size>
         <input_file_ref idref="fl-8c"/>
      </object_component>
      <object_component id="oc-789">
         <name>.text:usbClearDeviceFeature</name>
         <load_address>0x7078</load_address>
         <run_address>0x7078</run_address>
         <size>0x24</size>
         <input_file_ref idref="fl-6"/>
      </object_component>
      <object_component id="oc-7d1">
         <name>.text:usbSetDeviceFeature</name>
         <load_address>0x709c</load_address>
         <run_address>0x709c</run_address>
         <size>0x24</size>
         <input_file_ref idref="fl-6"/>
      </object_component>
      <object_component id="oc-4c7">
         <name>.text:USB_disable</name>
         <load_address>0x70c0</load_address>
         <run_address>0x70c0</run_address>
         <size>0x22</size>
         <input_file_ref idref="fl-6"/>
      </object_component>
      <object_component id="oc-6b3">
         <name>.text:memset</name>
         <load_address>0x70e2</load_address>
         <run_address>0x70e2</run_address>
         <size>0x20</size>
         <input_file_ref idref="fl-84"/>
      </object_component>
      <object_component id="oc-880">
         <name>.text:usbSendDataPacketOnEP0</name>
         <load_address>0x7102</load_address>
         <run_address>0x7102</run_address>
         <size>0x20</size>
         <input_file_ref idref="fl-6"/>
      </object_component>
      <object_component id="oc-4ba">
         <name>.text:OEP0InterruptHandler</name>
         <load_address>0x7122</load_address>
         <run_address>0x7122</run_address>
         <size>0x1e</size>
         <input_file_ref idref="fl-13"/>
      </object_component>
      <object_component id="oc-7ad">
         <name>.text:usbGetInterface</name>
         <load_address>0x7140</load_address>
         <run_address>0x7140</run_address>
         <size>0x1e</size>
         <input_file_ref idref="fl-6"/>
      </object_component>
      <object_component id="oc-7b9">
         <name>.text:usbGetInterfaceStatus</name>
         <load_address>0x715e</load_address>
         <run_address>0x715e</run_address>
         <size>0x1e</size>
         <input_file_ref idref="fl-6"/>
      </object_component>
      <object_component id="oc-61f">
         <name>.text:GPIO_setOutputLowOnPin</name>
         <load_address>0x717c</load_address>
         <run_address>0x717c</run_address>
         <size>0x1c</size>
         <input_file_ref idref="fl-23"/>
      </object_component>
      <object_component id="oc-4c0">
         <name>.text:IEP0InterruptHandler</name>
         <load_address>0x7198</load_address>
         <run_address>0x7198</run_address>
         <size>0x1c</size>
         <input_file_ref idref="fl-13"/>
      </object_component>
      <object_component id="oc-8f3">
         <name>.text:__mpyul</name>
         <load_address>0x71b4</load_address>
         <run_address>0x71b4</run_address>
         <size>0x1c</size>
         <input_file_ref idref="fl-88"/>
      </object_component>
      <object_component id="oc-6dd">
         <name>.text:usbDisableInEndpointInterrupt</name>
         <load_address>0x71d0</load_address>
         <run_address>0x71d0</run_address>
         <size>0x1c</size>
         <input_file_ref idref="fl-6"/>
      </object_component>
      <object_component id="oc-752">
         <name>.text:usbDisableOutEndpointInterrupt</name>
         <load_address>0x71ec</load_address>
         <run_address>0x71ec</run_address>
         <size>0x1c</size>
         <input_file_ref idref="fl-6"/>
      </object_component>
      <object_component id="oc-783">
         <name>.text:Get_MaxLUN</name>
         <load_address>0x7208</load_address>
         <run_address>0x7208</run_address>
         <size>0x1a</size>
         <input_file_ref idref="fl-a"/>
      </object_component>
      <object_component id="oc-5a1">
         <name>.text:USB_connect</name>
         <load_address>0x7222</load_address>
         <run_address>0x7222</run_address>
         <size>0x1a</size>
         <input_file_ref idref="fl-6"/>
      </object_component>
      <object_component id="oc-50e">
         <name>.text:WDT_A_hold</name>
         <load_address>0x723c</load_address>
         <run_address>0x723c</run_address>
         <size>0x1a</size>
         <input_file_ref idref="fl-3c"/>
      </object_component>
      <object_component id="oc-469">
         <name>.text:USB_resume</name>
         <load_address>0x7256</load_address>
         <run_address>0x7256</run_address>
         <size>0x18</size>
         <input_file_ref idref="fl-6"/>
      </object_component>
      <object_component id="oc-6c4">
         <name>.text</name>
         <load_address>0x726e</load_address>
         <run_address>0x726e</run_address>
         <size>0x18</size>
         <input_file_ref idref="fl-89"/>
      </object_component>
      <object_component id="oc-724">
         <name>.text:usbStallOutEndpoint</name>
         <load_address>0x7286</load_address>
         <run_address>0x7286</run_address>
         <size>0x18</size>
         <input_file_ref idref="fl-b"/>
      </object_component>
      <object_component id="oc-83e">
         <name>.text:Scsi_Test_Unit_Ready</name>
         <load_address>0x729e</load_address>
         <run_address>0x729e</run_address>
         <size>0x16</size>
         <input_file_ref idref="fl-b"/>
      </object_component>
      <object_component id="oc-6e">
         <name>.text:decompress:none:__TI_decompress_none</name>
         <load_address>0x72b4</load_address>
         <run_address>0x72b4</run_address>
         <size>0x16</size>
         <input_file_ref idref="fl-61"/>
      </object_component>
      <object_component id="oc-6bf">
         <name>.text</name>
         <load_address>0x72ca</load_address>
         <run_address>0x72ca</run_address>
         <size>0x16</size>
         <input_file_ref idref="fl-65"/>
      </object_component>
      <object_component id="oc-7a1">
         <name>.text:usbGetConfigurationDescriptor</name>
         <load_address>0x72e0</load_address>
         <run_address>0x72e0</run_address>
         <size>0x16</size>
         <input_file_ref idref="fl-6"/>
      </object_component>
      <object_component id="oc-79b">
         <name>.text:usbGetDeviceDescriptor</name>
         <load_address>0x72f6</load_address>
         <run_address>0x72f6</run_address>
         <size>0x16</size>
         <input_file_ref idref="fl-6"/>
      </object_component>
      <object_component id="oc-4a2">
         <name>.text:USB_handleVbusOnEvent</name>
         <load_address>0x730c</load_address>
         <run_address>0x730c</run_address>
         <size>0x14</size>
         <input_file_ref idref="fl-12"/>
      </object_component>
      <object_component id="oc-831">
         <name>.text:usbClearOEPByteCount</name>
         <load_address>0x7320</load_address>
         <run_address>0x7320</run_address>
         <size>0x14</size>
         <input_file_ref idref="fl-b"/>
      </object_component>
      <object_component id="oc-795">
         <name>.text:usbGetConfiguration</name>
         <load_address>0x7334</load_address>
         <run_address>0x7334</run_address>
         <size>0x14</size>
         <input_file_ref idref="fl-6"/>
      </object_component>
      <object_component id="oc-72a">
         <name>.text:usbStallInEndpoint</name>
         <load_address>0x7348</load_address>
         <run_address>0x7348</run_address>
         <size>0x14</size>
         <input_file_ref idref="fl-b"/>
      </object_component>
      <object_component id="oc-7e3">
         <name>.text:usbInvalidRequest</name>
         <load_address>0x735c</load_address>
         <run_address>0x735c</run_address>
         <size>0x12</size>
         <input_file_ref idref="fl-6"/>
      </object_component>
      <object_component id="oc-8df">
         <name>.text:DMA_disableTransfers</name>
         <load_address>0x736e</load_address>
         <run_address>0x736e</run_address>
         <size>0x10</size>
         <input_file_ref idref="fl-1d"/>
      </object_component>
      <object_component id="oc-8cd">
         <name>.text:DMA_enableTransfers</name>
         <load_address>0x737e</load_address>
         <run_address>0x737e</run_address>
         <size>0x10</size>
         <input_file_ref idref="fl-1d"/>
      </object_component>
      <object_component id="oc-8d9">
         <name>.text:DMA_getInterruptStatus</name>
         <load_address>0x738e</load_address>
         <run_address>0x738e</run_address>
         <size>0xe</size>
         <input_file_ref idref="fl-1d"/>
      </object_component>
      <object_component id="oc-8d3">
         <name>.text:DMA_startTransfer</name>
         <load_address>0x739c</load_address>
         <run_address>0x739c</run_address>
         <size>0xe</size>
         <input_file_ref idref="fl-1d"/>
      </object_component>
      <object_component id="oc-6ac">
         <name>.text:usbSendZeroLengthPacketOnIEP0</name>
         <load_address>0x73aa</load_address>
         <run_address>0x73aa</run_address>
         <size>0xe</size>
         <input_file_ref idref="fl-6"/>
      </object_component>
      <object_component id="oc-8c7">
         <name>.text:DMA_setTransferSize</name>
         <load_address>0x73b8</load_address>
         <run_address>0x73b8</run_address>
         <size>0xc</size>
         <input_file_ref idref="fl-1d"/>
      </object_component>
      <object_component id="oc-74a">
         <name>.text:MscResetCtrlLun</name>
         <load_address>0x73c4</load_address>
         <run_address>0x73c4</run_address>
         <size>0xc</size>
         <input_file_ref idref="fl-b"/>
      </object_component>
      <object_component id="oc-416">
         <name>.text:_system_pre_init</name>
         <load_address>0x73d0</load_address>
         <run_address>0x73d0</run_address>
         <size>0xa</size>
         <input_file_ref idref="fl-4"/>
      </object_component>
      <object_component id="oc-6ba">
         <name>.text</name>
         <load_address>0x73da</load_address>
         <run_address>0x73da</run_address>
         <size>0xa</size>
         <input_file_ref idref="fl-7f"/>
      </object_component>
      <object_component id="oc-6c9">
         <name>.text</name>
         <load_address>0x73e4</load_address>
         <run_address>0x73e4</run_address>
         <size>0xa</size>
         <input_file_ref idref="fl-81"/>
      </object_component>
      <object_component id="oc-571">
         <name>.text:UCS_turnOffXT2</name>
         <load_address>0x73ee</load_address>
         <run_address>0x73ee</run_address>
         <size>0x8</size>
         <input_file_ref idref="fl-37"/>
      </object_component>
      <object_component id="oc-496">
         <name>.text:USB_handleVbusOffEvent</name>
         <load_address>0x73f6</load_address>
         <run_address>0x73f6</run_address>
         <size>0x8</size>
         <input_file_ref idref="fl-12"/>
      </object_component>
      <object_component id="oc-8af">
         <name>.text:DMA_disableTransferDuringReadModifyWrite</name>
         <load_address>0x73fe</load_address>
         <run_address>0x73fe</run_address>
         <size>0x6</size>
         <input_file_ref idref="fl-1d"/>
      </object_component>
      <object_component id="oc-8c1">
         <name>.text:DMA_enableTransferDuringReadModifyWrite</name>
         <load_address>0x7404</load_address>
         <run_address>0x7404</run_address>
         <size>0x6</size>
         <input_file_ref idref="fl-1d"/>
      </object_component>
      <object_component id="oc-6a0">
         <name>.text:Msc_ResetFlags</name>
         <load_address>0x740a</load_address>
         <run_address>0x740a</run_address>
         <size>0x6</size>
         <input_file_ref idref="fl-b"/>
      </object_component>
      <object_component id="oc-4d3">
         <name>.text:SFR_clearInterrupt</name>
         <load_address>0x7410</load_address>
         <run_address>0x7410</run_address>
         <size>0x6</size>
         <input_file_ref idref="fl-30"/>
      </object_component>
      <object_component id="oc-4cd">
         <name>.text:UCS_clearFaultFlag</name>
         <load_address>0x7416</load_address>
         <run_address>0x7416</run_address>
         <size>0x6</size>
         <input_file_ref idref="fl-37"/>
      </object_component>
      <object_component id="oc-63e">
         <name>.text:USBMSC_fetchInformationStructure</name>
         <load_address>0x741c</load_address>
         <run_address>0x741c</run_address>
         <size>0x6</size>
         <input_file_ref idref="fl-b"/>
      </object_component>
      <object_component id="oc-738">
         <name>.text:USB_getVersion</name>
         <load_address>0x7422</load_address>
         <run_address>0x7422</run_address>
         <size>0x6</size>
         <input_file_ref idref="fl-6"/>
      </object_component>
      <object_component id="oc-43e">
         <name>.text:abort</name>
         <load_address>0x7428</load_address>
         <run_address>0x7428</run_address>
         <size>0x6</size>
         <input_file_ref idref="fl-68"/>
      </object_component>
      <object_component id="oc-74">
         <name>.text:decompress:rle24:__TI_decompress_rle24</name>
         <load_address>0x742e</load_address>
         <run_address>0x742e</run_address>
         <size>0x6</size>
         <input_file_ref idref="fl-62"/>
      </object_component>
      <object_component id="oc-6e3">
         <name>.text:usbRestoreInEndpointInterrupt</name>
         <load_address>0x7434</load_address>
         <run_address>0x7434</run_address>
         <size>0x6</size>
         <input_file_ref idref="fl-6"/>
      </object_component>
      <object_component id="oc-758">
         <name>.text:usbRestoreOutEndpointInterrupt</name>
         <load_address>0x743a</load_address>
         <run_address>0x743a</run_address>
         <size>0x6</size>
         <input_file_ref idref="fl-6"/>
      </object_component>
      <object_component id="oc-5b8">
         <name>.text:USBMSC_handleBufferEvent</name>
         <load_address>0x7440</load_address>
         <run_address>0x7440</run_address>
         <size>0x4</size>
         <input_file_ref idref="fl-12"/>
      </object_component>
      <object_component id="oc-4a8">
         <name>.text:USB_handleClockEvent</name>
         <load_address>0x7444</load_address>
         <run_address>0x7444</run_address>
         <size>0x4</size>
         <input_file_ref idref="fl-12"/>
      </object_component>
      <object_component id="oc-89b">
         <name>.text:USB_handleEnumerationCompleteEvent</name>
         <load_address>0x7448</load_address>
         <run_address>0x7448</run_address>
         <size>0x4</size>
         <input_file_ref idref="fl-12"/>
      </object_component>
      <object_component id="oc-48a">
         <name>.text:USB_handleResetEvent</name>
         <load_address>0x744c</load_address>
         <run_address>0x744c</run_address>
         <size>0x4</size>
         <input_file_ref idref="fl-12"/>
      </object_component>
      <object_component id="oc-472">
         <name>.text:USB_handleResumeEvent</name>
         <load_address>0x7450</load_address>
         <run_address>0x7450</run_address>
         <size>0x4</size>
         <input_file_ref idref="fl-12"/>
      </object_component>
      <object_component id="oc-47e">
         <name>.text:USB_handleSuspendEvent</name>
         <load_address>0x7454</load_address>
         <run_address>0x7454</run_address>
         <size>0x4</size>
         <input_file_ref idref="fl-12"/>
      </object_component>
      <object_component id="oc-4ed">
         <name>.text:_system_post_cinit</name>
         <load_address>0x7458</load_address>
         <run_address>0x7458</run_address>
         <size>0x2</size>
         <input_file_ref idref="fl-92"/>
      </object_component>
      <object_component id="oc-403">
         <name>.text:_isr:iUsbInterruptHandler</name>
         <load_address>0x769a</load_address>
         <run_address>0x769a</run_address>
         <size>0x102</size>
         <input_file_ref idref="fl-13"/>
      </object_component>
      <object_component id="oc-409">
         <name>.text:_isr:UNMI_ISR</name>
         <load_address>0x779c</load_address>
         <run_address>0x779c</run_address>
         <size>0x3e</size>
         <input_file_ref idref="fl-3"/>
      </object_component>
      <object_component id="oc-ae">
         <name>.text:_isr:_c_int00_noargs_noexit</name>
         <load_address>0x77da</load_address>
         <run_address>0x77da</run_address>
         <size>0x1a</size>
         <input_file_ref idref="fl-60"/>
      </object_component>
      <object_component id="oc-3fe">
         <name>.text:_isr:__TI_ISR_TRAP</name>
         <load_address>0x77f4</load_address>
         <run_address>0x77f4</run_address>
         <size>0x8</size>
         <input_file_ref idref="fl-7e"/>
      </object_component>
      <object_component id="oc-996">
         <name>.cinit..data.load</name>
         <load_address>0x77fc</load_address>
         <run_address>0x77fc</run_address>
         <size>0x28</size>
      </object_component>
      <object_component id="oc-995">
         <name>.cinit..bss.load</name>
         <load_address>0x7824</load_address>
         <run_address>0x7824</run_address>
         <size>0xb</size>
      </object_component>
      <object_component id="oc-993">
         <name>__TI_handler_table</name>
         <load_address>0x7830</load_address>
         <run_address>0x7830</run_address>
         <size>0x8</size>
      </object_component>
      <object_component id="oc-994">
         <name>__TI_cinit_table</name>
         <load_address>0x7838</load_address>
         <run_address>0x7838</run_address>
         <size>0x10</size>
      </object_component>
      <object_component id="oc-67d">
         <name>.const:tUsbRequestList</name>
         <load_address>0x745a</load_address>
         <run_address>0x745a</run_address>
         <size>0xfc</size>
         <input_file_ref idref="fl-14"/>
      </object_component>
      <object_component id="oc-892">
         <name>.const:.string:abromStringDescriptor</name>
         <load_address>0x7556</load_address>
         <run_address>0x7556</run_address>
         <size>0x84</size>
         <input_file_ref idref="fl-14"/>
      </object_component>
      <object_component id="oc-905">
         <name>.const:.string:bScsi_Standard_Inquiry_Data</name>
         <load_address>0x75da</load_address>
         <run_address>0x75da</run_address>
         <size>0x24</size>
         <input_file_ref idref="fl-b"/>
      </object_component>
      <object_component id="oc-68e">
         <name>.const:.string</name>
         <load_address>0x75fe</load_address>
         <run_address>0x75fe</run_address>
         <size>0x22</size>
         <input_file_ref idref="fl-6"/>
      </object_component>
      <object_component id="oc-88e">
         <name>.const:abromConfigurationDescriptorGroup</name>
         <load_address>0x7620</load_address>
         <run_address>0x7620</run_address>
         <size>0x20</size>
         <input_file_ref idref="fl-14"/>
      </object_component>
      <object_component id="oc-700">
         <name>.const:GPIO_PORT_TO_BASE</name>
         <load_address>0x7640</load_address>
         <run_address>0x7640</run_address>
         <size>0x1c</size>
         <input_file_ref idref="fl-23"/>
      </object_component>
      <object_component id="oc-88a">
         <name>.const:.string:abromDeviceDescriptor</name>
         <load_address>0x765c</load_address>
         <run_address>0x765c</run_address>
         <size>0x12</size>
         <input_file_ref idref="fl-14"/>
      </object_component>
      <object_component id="oc-8ee">
         <name>.const:Report_Luns</name>
         <load_address>0x766e</load_address>
         <run_address>0x766e</run_address>
         <size>0x10</size>
         <input_file_ref idref="fl-b"/>
      </object_component>
      <object_component id="oc-57e">
         <name>.const:stUsbHandle</name>
         <load_address>0x767e</load_address>
         <run_address>0x767e</run_address>
         <size>0x10</size>
         <input_file_ref idref="fl-14"/>
      </object_component>
      <object_component id="oc-812">
         <name>.const:$P$T0$1</name>
         <load_address>0x768e</load_address>
         <run_address>0x768e</run_address>
         <size>0xa</size>
         <input_file_ref idref="fl-7"/>
      </object_component>
      <object_component id="oc-76f">
         <name>.const</name>
         <load_address>0x7698</load_address>
         <run_address>0x7698</run_address>
         <size>0x2</size>
         <input_file_ref idref="fl-10"/>
      </object_component>
      <object_component id="oc-92c">
         <name>.binit</name>
         <load_address>0x4400</load_address>
         <run_address>0x4400</run_address>
         <size>0x0</size>
      </object_component>
      <object_component id="oc-7a">
         <name>.int41</name>
         <load_address>0xffd2</load_address>
         <run_address>0xffd2</run_address>
         <size>0x2</size>
         <input_file_ref idref="fl-6a"/>
      </object_component>
      <object_component id="oc-7b">
         <name>.int42</name>
         <load_address>0xffd4</load_address>
         <run_address>0xffd4</run_address>
         <size>0x2</size>
         <input_file_ref idref="fl-6b"/>
      </object_component>
      <object_component id="oc-7c">
         <name>.int43</name>
         <load_address>0xffd6</load_address>
         <run_address>0xffd6</run_address>
         <size>0x2</size>
         <input_file_ref idref="fl-6c"/>
      </object_component>
      <object_component id="oc-7d">
         <name>.int44</name>
         <load_address>0xffd8</load_address>
         <run_address>0xffd8</run_address>
         <size>0x2</size>
         <input_file_ref idref="fl-6d"/>
      </object_component>
      <object_component id="oc-7e">
         <name>.int45</name>
         <load_address>0xffda</load_address>
         <run_address>0xffda</run_address>
         <size>0x2</size>
         <input_file_ref idref="fl-6e"/>
      </object_component>
      <object_component id="oc-7f">
         <name>.int46</name>
         <load_address>0xffdc</load_address>
         <run_address>0xffdc</run_address>
         <size>0x2</size>
         <input_file_ref idref="fl-6f"/>
      </object_component>
      <object_component id="oc-80">
         <name>.int47</name>
         <load_address>0xffde</load_address>
         <run_address>0xffde</run_address>
         <size>0x2</size>
         <input_file_ref idref="fl-70"/>
      </object_component>
      <object_component id="oc-81">
         <name>.int48</name>
         <load_address>0xffe0</load_address>
         <run_address>0xffe0</run_address>
         <size>0x2</size>
         <input_file_ref idref="fl-71"/>
      </object_component>
      <object_component id="oc-82">
         <name>.int49</name>
         <load_address>0xffe2</load_address>
         <run_address>0xffe2</run_address>
         <size>0x2</size>
         <input_file_ref idref="fl-72"/>
      </object_component>
      <object_component id="oc-83">
         <name>.int50</name>
         <load_address>0xffe4</load_address>
         <run_address>0xffe4</run_address>
         <size>0x2</size>
         <input_file_ref idref="fl-73"/>
      </object_component>
      <object_component id="oc-84">
         <name>.int51</name>
         <load_address>0xffe6</load_address>
         <run_address>0xffe6</run_address>
         <size>0x2</size>
         <input_file_ref idref="fl-13"/>
      </object_component>
      <object_component id="oc-85">
         <name>.int52</name>
         <load_address>0xffe8</load_address>
         <run_address>0xffe8</run_address>
         <size>0x2</size>
         <input_file_ref idref="fl-74"/>
      </object_component>
      <object_component id="oc-86">
         <name>.int53</name>
         <load_address>0xffea</load_address>
         <run_address>0xffea</run_address>
         <size>0x2</size>
         <input_file_ref idref="fl-75"/>
      </object_component>
      <object_component id="oc-87">
         <name>.int54</name>
         <load_address>0xffec</load_address>
         <run_address>0xffec</run_address>
         <size>0x2</size>
         <input_file_ref idref="fl-76"/>
      </object_component>
      <object_component id="oc-88">
         <name>.int55</name>
         <load_address>0xffee</load_address>
         <run_address>0xffee</run_address>
         <size>0x2</size>
         <input_file_ref idref="fl-77"/>
      </object_component>
      <object_component id="oc-89">
         <name>.int56</name>
         <load_address>0xfff0</load_address>
         <run_address>0xfff0</run_address>
         <size>0x2</size>
         <input_file_ref idref="fl-78"/>
      </object_component>
      <object_component id="oc-8a">
         <name>.int57</name>
         <load_address>0xfff2</load_address>
         <run_address>0xfff2</run_address>
         <size>0x2</size>
         <input_file_ref idref="fl-79"/>
      </object_component>
      <object_component id="oc-8b">
         <name>.int58</name>
         <load_address>0xfff4</load_address>
         <run_address>0xfff4</run_address>
         <size>0x2</size>
         <input_file_ref idref="fl-7a"/>
      </object_component>
      <object_component id="oc-8c">
         <name>.int59</name>
         <load_address>0xfff6</load_address>
         <run_address>0xfff6</run_address>
         <size>0x2</size>
         <input_file_ref idref="fl-7b"/>
      </object_component>
      <object_component id="oc-8d">
         <name>.int60</name>
         <load_address>0xfff8</load_address>
         <run_address>0xfff8</run_address>
         <size>0x2</size>
         <input_file_ref idref="fl-7c"/>
      </object_component>
      <object_component id="oc-8e">
         <name>.int61</name>
         <load_address>0xfffa</load_address>
         <run_address>0xfffa</run_address>
         <size>0x2</size>
         <input_file_ref idref="fl-3"/>
      </object_component>
      <object_component id="oc-8f">
         <name>.int62</name>
         <load_address>0xfffc</load_address>
         <run_address>0xfffc</run_address>
         <size>0x2</size>
         <input_file_ref idref="fl-7d"/>
      </object_component>
      <object_component id="oc-3e3">
         <name>.reset</name>
         <load_address>0xfffe</load_address>
         <run_address>0xfffe</run_address>
         <size>0x2</size>
         <input_file_ref idref="fl-5f"/>
      </object_component>
      <object_component id="oc-76c">
         <name>MYDRIVE</name>
         <load_address>0x10000</load_address>
         <run_address>0x10000</run_address>
         <size>0x14400</size>
         <input_file_ref idref="fl-11"/>
      </object_component>
      <object_component id="oc-63d">
         <name>.debug_info</name>
         <load_address>0x0</load_address>
         <run_address>0x0</run_address>
         <size>0x283</size>
         <input_file_ref idref="fl-2"/>
      </object_component>
      <object_component id="oc-51b">
         <name>.debug_info</name>
         <load_address>0x283</load_address>
         <run_address>0x283</run_address>
         <size>0x245</size>
         <input_file_ref idref="fl-2"/>
      </object_component>
      <object_component id="oc-521">
         <name>.debug_info</name>
[...]
         <value>0x64d6</value>
         <object_component_ref idref="oc-49c"/>
      </symbol>
      <symbol id="sm-8e3">
         <name>SetupPacketInterruptHandler</name>
         <value>0x697e</value>
         <object_component_ref idref="oc-463"/>
      </symbol>
      <symbol id="sm-8e4">
         <name>PWRVBUSoffHandler</name>
         <value>0x61fc</value>
         <object_component_ref idref="oc-490"/>
      </symbol>
      <symbol id="sm-8e5">
         <name>iUsbInterruptHandler</name>
         <value>0x769a</value>
         <object_component_ref idref="oc-403"/>
      </symbol>
      <symbol id="sm-908">
         <name>abromConfigurationDescriptorGroup</name>
         <value>0x7620</value>
         <object_component_ref idref="oc-88e"/>
      </symbol>
      <symbol id="sm-909">
         <name>tUsbRequestList</name>
         <value>0x745a</value>
         <object_component_ref idref="oc-67d"/>
      </symbol>
      <symbol id="sm-90a">
         <name>abromDeviceDescriptor</name>
         <value>0x765c</value>
         <object_component_ref idref="oc-88a"/>
      </symbol>
      <symbol id="sm-90b">
         <name>abromStringDescriptor</name>
         <value>0x7556</value>
         <object_component_ref idref="oc-892"/>
      </symbol>
      <symbol id="sm-90c">
         <name>USBMSC_config</name>
         <value>0x2822</value>
         <object_component_ref idref="oc-71b"/>
      </symbol>
      <symbol id="sm-90d">
         <name>stUsbHandle</name>
         <value>0x767e</value>
         <object_component_ref idref="oc-57e"/>
      </symbol>
      <symbol id="sm-962">
         <name>DMA_setSrcAddress</name>
         <value>0x700a</value>
         <object_component_ref idref="oc-8b5"/>
      </symbol>
      <symbol id="sm-963">
         <name>DMA_disableTransferDuringReadModifyWrite</name>
         <value>0x73fe</value>
         <object_component_ref idref="oc-8af"/>
      </symbol>
      <symbol id="sm-964">
         <name>DMA_setDstAddress</name>
         <value>0x6f6a</value>
         <object_component_ref idref="oc-8bb"/>
      </symbol>
      <symbol id="sm-965">
         <name>DMA_enableTransfers</name>
         <value>0x737e</value>
         <object_component_ref idref="oc-8cd"/>
      </symbol>
      <symbol id="sm-966">
         <name>DMA_disableTransfers</name>
         <value>0x736e</value>
         <object_component_ref idref="oc-8df"/>
      </symbol>
      <symbol id="sm-967">
         <name>DMA_startTransfer</name>
         <value>0x739c</value>
         <object_component_ref idref="oc-8d3"/>
      </symbol>
      <symbol id="sm-968">
         <name>DMA_setTransferSize</name>
         <value>0x73b8</value>
         <object_component_ref idref="oc-8c7"/>
      </symbol>
      <symbol id="sm-969">
         <name>DMA_getInterruptStatus</name>
         <value>0x738e</value>
         <object_component_ref idref="oc-8d9"/>
      </symbol>
      <symbol id="sm-96a">
         <name>DMA_enableTransferDuringReadModifyWrite</name>
         <value>0x7404</value>
         <object_component_ref idref="oc-8c1"/>
      </symbol>
      <symbol id="sm-96b">
         <name>DMA_init</name>
         <value>0x6474</value>
         <object_component_ref idref="oc-81b"/>
      </symbol>
      <symbol id="sm-993">
         <name>GPIO_setAsOutputPin</name>
         <value>0x6f92</value>
         <object_component_ref idref="oc-619"/>
      </symbol>
      <symbol id="sm-994">
         <name>GPIO_setOutputLowOnPin</name>
         <value>0x717c</value>
         <object_component_ref idref="oc-61f"/>
      </symbol>
      <symbol id="sm-995">
         <name>GPIO_setAsPeripheralModuleFunctionOutputPin</name>
         <value>0x6fba</value>
         <object_component_ref idref="oc-681"/>
      </symbol>
      <symbol id="sm-9c3">
         <name>PMM_setVCore</name>
         <value>0x6934</value>
         <object_component_ref idref="oc-514"/>
      </symbol>
      <symbol id="sm-9c4">
         <name>PMM_setVCoreDown</name>
         <value>0x5ce4</value>
         <object_component_ref idref="oc-60c"/>
      </symbol>
      <symbol id="sm-9c5">
         <name>PMM_setVCoreUp</name>
         <value>0x5806</value>
         <object_component_ref idref="oc-612"/>
      </symbol>
      <symbol id="sm-9d7">
         <name>SFR_clearInterrupt</name>
         <value>0x7410</value>
         <object_component_ref idref="oc-4d3"/>
      </symbol>
      <symbol id="sm-9ef">
         <name>TLV_getInfo</name>
         <value>0x6850</value>
         <object_component_ref idref="oc-80b"/>
      </symbol>
      <symbol id="sm-a3c">
         <name>UCS_initClockSignal</name>
         <value>0x5e06</value>
         <object_component_ref idref="oc-626"/>
      </symbol>
      <symbol id="sm-a3d">
         <name>UCS_initFLLSettle</name>
         <value>0x6dc0</value>
         <object_component_ref idref="oc-636"/>
      </symbol>
      <symbol id="sm-a3e">
         <name>UCS_clearFaultFlag</name>
         <value>0x7416</value>
         <object_component_ref idref="oc-4cd"/>
      </symbol>
      <symbol id="sm-a3f">
         <name>UCS_initFLL</name>
         <value>0x557e</value>
         <object_component_ref idref="oc-709"/>
      </symbol>
      <symbol id="sm-a40">
         <name>UCS_turnOffXT2</name>
         <value>0x73ee</value>
         <object_component_ref idref="oc-571"/>
      </symbol>
      <symbol id="sm-a41">
         <name>UCS_turnOnXT2WithTimeout</name>
         <value>0x6b28</value>
         <object_component_ref idref="oc-687"/>
      </symbol>
      <symbol id="sm-a4e">
         <name>WDT_A_hold</name>
         <value>0x723c</value>
         <object_component_ref idref="oc-50e"/>
      </symbol>
      <symbol id="sm-a56">
         <name>_stack</name>
         <value>0x4360</value>
         <object_component_ref idref="oc-3e0"/>
      </symbol>
      <symbol id="sm-a57">
         <name>_reset_vector</name>
         <value>0xfffe</value>
         <object_component_ref idref="oc-3e3"/>
      </symbol>
      <symbol id="sm-a61">
         <name>_c_int00_noargs_noexit</name>
         <value>0x77da</value>
         <object_component_ref idref="oc-ae"/>
      </symbol>
      <symbol id="sm-a77">
         <name>__TI_decompress_none</name>
         <value>0x72b4</value>
         <object_component_ref idref="oc-6e"/>
      </symbol>
      <symbol id="sm-a99">
         <name>__TI_decompress_rle24</name>
         <value>0x742e</value>
         <object_component_ref idref="oc-74"/>
      </symbol>
      <symbol id="sm-aa5">
         <name>__mspabi_remu</name>
         <value>0x72ca</value>
         <object_component_ref idref="oc-6bf"/>
      </symbol>
      <symbol id="sm-aa6">
         <name>__mspabi_divu</name>
         <value>0x72ca</value>
         <object_component_ref idref="oc-6bf"/>
      </symbol>
      <symbol id="sm-ab5">
         <name>__mspabi_remul</name>
         <value>0x6706</value>
         <object_component_ref idref="oc-62c"/>
      </symbol>
      <symbol id="sm-ab6">
         <name>__mspabi_divul</name>
         <value>0x6706</value>
         <object_component_ref idref="oc-62c"/>
      </symbol>
      <symbol id="sm-ac0">
         <name>C$$EXIT</name>
         <value>0x7428</value>
         <object_component_ref idref="oc-43e"/>
      </symbol>
      <symbol id="sm-ac1">
         <name>abort</name>
         <value>0x7428</value>
         <object_component_ref idref="oc-43e"/>
      </symbol>
      <symbol id="sm-ac5">
         <name>__TI_int41</name>
         <value>0xffd2</value>
         <object_component_ref idref="oc-7a"/>
      </symbol>
      <symbol id="sm-ac8">
         <name>__TI_int42</name>
         <value>0xffd4</value>
         <object_component_ref idref="oc-7b"/>
      </symbol>
      <symbol id="sm-acb">
         <name>__TI_int43</name>
         <value>0xffd6</value>
         <object_component_ref idref="oc-7c"/>
      </symbol>
      <symbol id="sm-ace">
         <name>__TI_int44</name>
         <value>0xffd8</value>
         <object_component_ref idref="oc-7d"/>
      </symbol>
      <symbol id="sm-ad1">
         <name>__TI_int45</name>
         <value>0xffda</value>
         <object_component_ref idref="oc-7e"/>
      </symbol>
      <symbol id="sm-ad4">
         <name>__TI_int46</name>
         <value>0xffdc</value>
         <object_component_ref idref="oc-7f"/>
      </symbol>
      <symbol id="sm-ad7">
         <name>__TI_int47</name>
         <value>0xffde</value>
         <object_component_ref idref="oc-80"/>
      </symbol>
      <symbol id="sm-ada">
         <name>__TI_int48</name>
         <value>0xffe0</value>
         <object_component_ref idref="oc-81"/>
      </symbol>
      <symbol id="sm-add">
         <name>__TI_int49</name>
         <value>0xffe2</value>
         <object_component_ref idref="oc-82"/>
      </symbol>
      <symbol id="sm-ae0">
         <name>__TI_int50</name>
         <value>0xffe4</value>
         <object_component_ref idref="oc-83"/>
      </symbol>
      <symbol id="sm-ae3">
         <name>__TI_int52</name>
         <value>0xffe8</value>
         <object_component_ref idref="oc-85"/>
      </symbol>
      <symbol id="sm-ae6">
         <name>__TI_int53</name>
         <value>0xffea</value>
         <object_component_ref idref="oc-86"/>
      </symbol>
      <symbol id="sm-ae9">
         <name>__TI_int54</name>
         <value>0xffec</value>
         <object_component_ref idref="oc-87"/>
      </symbol>
      <symbol id="sm-aec">
         <name>__TI_int55</name>
         <value>0xffee</value>
         <object_component_ref idref="oc-88"/>
      </symbol>
      <symbol id="sm-aef">
         <name>__TI_int56</name>
         <value>0xfff0</value>
         <object_component_ref idref="oc-89"/>
      </symbol>
      <symbol id="sm-af2">
         <name>__TI_int57</name>
         <value>0xfff2</value>
         <object_component_ref idref="oc-8a"/>
      </symbol>
      <symbol id="sm-af5">
         <name>__TI_int58</name>
         <value>0xfff4</value>
         <object_component_ref idref="oc-8b"/>
      </symbol>
      <symbol id="sm-af8">
         <name>__TI_int59</name>
         <value>0xfff6</value>
         <object_component_ref idref="oc-8c"/>
      </symbol>
      <symbol id="sm-afb">
         <name>__TI_int60</name>
         <value>0xfff8</value>
         <object_component_ref idref="oc-8d"/>
      </symbol>
      <symbol id="sm-afe">
         <name>__TI_int62</name>
         <value>0xfffc</value>
         <object_component_ref idref="oc-8f"/>
      </symbol>
      <symbol id="sm-b06">
         <name>__TI_ISR_TRAP</name>
         <value>0x77f4</value>
         <object_component_ref idref="oc-3fe"/>
      </symbol>
      <symbol id="sm-b0f">
         <name>__mspabi_slli</name>
         <value>0x73da</value>
         <object_component_ref idref="oc-6ba"/>
      </symbol>
      <symbol id="sm-b17">
         <name>__mspabi_slll_9</name>
         <value>0x6cf6</value>
         <object_component_ref idref="oc-581"/>
      </symbol>
      <symbol id="sm-b18">
         <name>__mspabi_slll_8</name>
         <value>0x6cfa</value>
         <object_component_ref idref="oc-581"/>
      </symbol>
      <symbol id="sm-b19">
         <name>__mspabi_slll_7</name>
         <value>0x6cfe</value>
         <object_component_ref idref="oc-581"/>
      </symbol>
      <symbol id="sm-b1a">
         <name>__mspabi_slll_6</name>
         <value>0x6d02</value>
         <object_component_ref idref="oc-581"/>
      </symbol>
      <symbol id="sm-b1b">
         <name>__mspabi_slll_5</name>
         <value>0x6d06</value>
         <object_component_ref idref="oc-581"/>
      </symbol>
      <symbol id="sm-b1c">
         <name>__mspabi_slll_4</name>
         <value>0x6d0a</value>
         <object_component_ref idref="oc-581"/>
      </symbol>
      <symbol id="sm-b1d">
         <name>__mspabi_slll_3</name>
         <value>0x6d0e</value>
         <object_component_ref idref="oc-581"/>
      </symbol>
      <symbol id="sm-b1e">
         <name>__mspabi_slll_2</name>
         <value>0x6d12</value>
         <object_component_ref idref="oc-581"/>
      </symbol>
      <symbol id="sm-b1f">
         <name>__mspabi_slll_1</name>
         <value>0x6d16</value>
         <object_component_ref idref="oc-581"/>
      </symbol>
      <symbol id="sm-b20">
         <name>__mspabi_slll_15</name>
         <value>0x6cde</value>
         <object_component_ref idref="oc-581"/>
      </symbol>
      <symbol id="sm-b21">
         <name>__mspabi_slll_14</name>
         <value>0x6ce2</value>
         <object_component_ref idref="oc-581"/>
      </symbol>
      <symbol id="sm-b22">
         <name>__mspabi_slll_13</name>
         <value>0x6ce6</value>
         <object_component_ref idref="oc-581"/>
      </symbol>
      <symbol id="sm-b23">
         <name>__mspabi_slll_12</name>
         <value>0x6cea</value>
         <object_component_ref idref="oc-581"/>
      </symbol>
      <symbol id="sm-b24">
         <name>__mspabi_slll_11</name>
         <value>0x6cee</value>
         <object_component_ref idref="oc-581"/>
      </symbol>
      <symbol id="sm-b25">
         <name>__mspabi_slll_10</name>
         <value>0x6cf2</value>
         <object_component_ref idref="oc-581"/>
      </symbol>
      <symbol id="sm-b2e">
         <name>__mspabi_srli</name>
         <value>0x73e4</value>
         <object_component_ref idref="oc-6c9"/>
      </symbol>
      <symbol id="sm-b36">
         <name>__mspabi_srll_8</name>
         <value>0x6d38</value>
         <object_component_ref idref="oc-631"/>
      </symbol>
      <symbol id="sm-b37">
         <name>__mspabi_srll_9</name>
         <value>0x6d34</value>
         <object_component_ref idref="oc-631"/>
      </symbol>
      <symbol id="sm-b38">
         <name>__mspabi_srll_6</name>
         <value>0x6d40</value>
         <object_component_ref idref="oc-631"/>
      </symbol>
      <symbol id="sm-b39">
         <name>__mspabi_srll_7</name>
         <value>0x6d3c</value>
         <object_component_ref idref="oc-631"/>
      </symbol>
      <symbol id="sm-b3a">
         <name>__mspabi_srll_4</name>
         <value>0x6d48</value>
         <object_component_ref idref="oc-631"/>
      </symbol>
      <symbol id="sm-b3b">
         <name>__mspabi_srll_5</name>
         <value>0x6d44</value>
         <object_component_ref idref="oc-631"/>
      </symbol>
      <symbol id="sm-b3c">
         <name>__mspabi_srll_2</name>
         <value>0x6d50</value>
         <object_component_ref idref="oc-631"/>
      </symbol>
      <symbol id="sm-b3d">
         <name>__mspabi_srll_3</name>
         <value>0x6d4c</value>
         <object_component_ref idref="oc-631"/>
      </symbol>
      <symbol id="sm-b3e">
         <name>__mspabi_srll_1</name>
         <value>0x6d54</value>
         <object_component_ref idref="oc-631"/>
      </symbol>
      <symbol id="sm-b3f">
         <name>__mspabi_srll_15</name>
         <value>0x6d1c</value>
         <object_component_ref idref="oc-631"/>
      </symbol>
      <symbol id="sm-b40">
         <name>__mspabi_srll_14</name>
         <value>0x6d20</value>
         <object_component_ref idref="oc-631"/>
      </symbol>
      <symbol id="sm-b41">
         <name>__mspabi_srll_13</name>
         <value>0x6d24</value>
         <object_component_ref idref="oc-631"/>
      </symbol>
      <symbol id="sm-b42">
         <name>__mspabi_srll_12</name>
         <value>0x6d28</value>
         <object_component_ref idref="oc-631"/>
      </symbol>
      <symbol id="sm-b43">
         <name>__mspabi_srll_11</name>
         <value>0x6d2c</value>
         <object_component_ref idref="oc-631"/>
      </symbol>
      <symbol id="sm-b44">
         <name>__mspabi_srll_10</name>
         <value>0x6d30</value>
         <object_component_ref idref="oc-631"/>
      </symbol>
      <symbol id="sm-b53">
         <name>memcpy</name>
         <value>0x6f40</value>
         <object_component_ref idref="oc-3e4"/>
      </symbol>
      <symbol id="sm-b62">
         <name>memset</name>
         <value>0x70e2</value>
         <object_component_ref idref="oc-6b3"/>
      </symbol>
      <symbol id="sm-b6d">
         <name>__mspabi_mpyul_f5hw</name>
         <value>0x71b4</value>
         <object_component_ref idref="oc-8f3"/>
      </symbol>
      <symbol id="sm-b75">
         <name>__mspabi_mpyi_f5hw</name>
         <value>0x726e</value>
         <object_component_ref idref="oc-6c4"/>
      </symbol>
      <symbol id="sm-b7f">
         <name>__mspabi_mpyl_f5hw</name>
         <value>0x7054</value>
         <object_component_ref idref="oc-5db"/>
      </symbol>
      <symbol id="sm-ba3">
         <name>_auto_init_hold_wdt</name>
         <value>0x5b0e</value>
         <object_component_ref idref="oc-41c"/>
      </symbol>
      <symbol id="sm-bb9">
         <name>copy_in</name>
         <value>0x618a</value>
         <object_component_ref idref="oc-4e2"/>
      </symbol>
      <symbol id="sm-bc2">
         <name>_system_post_cinit</name>
         <value>0x7458</value>
         <object_component_ref idref="oc-4ed"/>
      </symbol>
      <symbol id="sm-bca">
         <name>__mspabi_sral_15</name>
         <value>0x6ca0</value>
         <object_component_ref idref="oc-4e8"/>
      </symbol>
      <symbol id="sm-bcb">
         <name>__mspabi_sral_14</name>
         <value>0x6ca4</value>
         <object_component_ref idref="oc-4e8"/>
      </symbol>
      <symbol id="sm-bcc">
         <name>__mspabi_sral_13</name>
         <value>0x6ca8</value>
         <object_component_ref idref="oc-4e8"/>
      </symbol>
      <symbol id="sm-bcd">
         <name>__mspabi_sral_12</name>
         <value>0x6cac</value>
         <object_component_ref idref="oc-4e8"/>
      </symbol>
      <symbol id="sm-bce">
         <name>__mspabi_sral_11</name>
         <value>0x6cb0</value>
         <object_component_ref idref="oc-4e8"/>
      </symbol>
      <symbol id="sm-bcf">
         <name>__mspabi_sral_10</name>
         <value>0x6cb4</value>
         <object_component_ref idref="oc-4e8"/>
      </symbol>
      <symbol id="sm-bd0">
         <name>__mspabi_sral_8</name>
         <value>0x6cbc</value>
         <object_component_ref idref="oc-4e8"/>
      </symbol>
      <symbol id="sm-bd1">
         <name>__mspabi_sral_9</name>
         <value>0x6cb8</value>
         <object_component_ref idref="oc-4e8"/>
      </symbol>
      <symbol id="sm-bd2">
         <name>__mspabi_sral_6</name>
         <value>0x6cc4</value>
         <object_component_ref idref="oc-4e8"/>
      </symbol>
      <symbol id="sm-bd3">
         <name>__mspabi_sral_7</name>
         <value>0x6cc0</value>
         <object_component_ref idref="oc-4e8"/>
      </symbol>
      <symbol id="sm-bd4">
         <name>__mspabi_sral_4</name>
         <value>0x6ccc</value>
         <object_component_ref idref="oc-4e8"/>
      </symbol>
      <symbol id="sm-bd5">
         <name>__mspabi_sral_5</name>
         <value>0x6cc8</value>
         <object_component_ref idref="oc-4e8"/>
      </symbol>
      <symbol id="sm-bd6">
         <name>__mspabi_sral_2</name>
         <value>0x6cd4</value>
         <object_component_ref idref="oc-4e8"/>
      </symbol>
      <symbol id="sm-bd7">
         <name>__mspabi_sral_3</name>
         <value>0x6cd0</value>
         <object_component_ref idref="oc-4e8"/>
      </symbol>
      <symbol id="sm-bd8">
         <name>__mspabi_sral_1</name>
         <value>0x6cd8</value>
         <object_component_ref idref="oc-4e8"/>
      </symbol>
      <symbol id="sm-bda">
         <name>__TI_BINIT_Base</name>
         <value>0x0</value>
      </symbol>
      <symbol id="sm-bdb">
         <name>__TI_BINIT_Limit</name>
         <value>0x0</value>
      </symbol>
      <symbol id="sm-bdc">
         <name>__TI_INITARRAY_Base</name>
         <value>0x0</value>
      </symbol>
      <symbol id="sm-bdd">
         <name>__TI_INITARRAY_Limit</name>
         <value>0x0</value>
      </symbol>
   </symbol_table>
   <title>Link successful</title>
</link_info>
