******************************************************************************
                  MSP430 Linker PC v15.12.3                    
******************************************************************************
>> Linked Wed Oct 12 12:45:41 2016

OUTPUT FILE NAME:   <M1_FileSystemEmulation.out>
ENTRY POINT SYMBOL: "_c_int00_noargs_noexit"  address: 000077da


MEMORY CONFIGURATION

         name            origin    length      used     unused   attr    fill
----------------------  --------  ---------  --------  --------  ----  --------
  SFR                   00000000   00000010  00000000  00000010  RWIX
  PERIPHERALS_8BIT      00000010   000000f0  00000000  000000f0  RWIX
  PERIPHERALS_16BIT     00000100   00000100  00000000  00000100  RWIX
  INFOD                 00001800   00000080  00000000  00000080  RWIX
  INFOC                 00001880   00000080  00000000  00000080  RWIX
  INFOB                 00001900   00000080  00000000  00000080  RWIX
  INFOA                 00001980   00000080  00000000  00000080  RWIX
  USBRAM                00001c00   00000800  00000000  00000800  RWIX
  RAM                   00002400   00002000  00000506  00001afa  RWIX
  FLASH                 00004400   0000bb80  00003448  00008738  RWIX
  INT00                 0000ff80   00000002  00000000  00000002  RWIX
  INT01                 0000ff82   00000002  00000000  00000002  RWIX
  INT02                 0000ff84   00000002  00000000  00000002  RWIX
  INT03                 0000ff86   00000002  00000000  00000002  RWIX
  INT04                 0000ff88   00000002  00000000  00000002  RWIX
  INT05                 0000ff8a   00000002  00000000  00000002  RWIX
  INT06                 0000ff8c   00000002  00000000  00000002  RWIX
  INT07                 0000ff8e   00000002  00000000  00000002  RWIX
  INT08                 0000ff90   00000002  00000000  00000002  RWIX
  INT09                 0000ff92   00000002  00000000  00000002  RWIX
  INT10                 0000ff94   00000002  00000000  00000002  RWIX
  INT11                 0000ff96   00000002  00000000  00000002  RWIX
  INT12                 0000ff98   00000002  00000000  00000002  RWIX
  INT13                 0000ff9a   00000002  00000000  00000002  RWIX
  INT14                 0000ff9c   00000002  00000000  00000002  RWIX
  INT15                 0000ff9e   00000002  00000000  00000002  RWIX
  INT16                 0000ffa0   00000002  00000000  00000002  RWIX
  INT17                 0000ffa2   00000002  00000000  00000002  RWIX
  INT18                 0000ffa4   00000002  00000000  00000002  RWIX
  INT19                 0000ffa6   00000002  00000000  00000002  RWIX
  INT20                 0000ffa8   00000002  00000000  00000002  RWIX
  INT21                 0000ffaa   00000002  00000000  00000002  RWIX
  INT22                 0000ffac   00000002  00000000  00000002  RWIX
  INT23                 0000ffae   00000002  00000000  00000002  RWIX
  INT24                 0000ffb0   00000002  00000000  00000002  RWIX
  INT25                 0000ffb2   00000002  00000000  00000002  RWIX
  INT26                 0000ffb4   00000002  00000000  00000002  RWIX
  INT27                 0000ffb6   00000002  00000000  00000002  RWIX
  INT28                 0000ffb8   00000002  00000000  00000002  RWIX
  INT29                 0000ffba   00000002  00000000  00000002  RWIX
  INT30                 0000ffbc   00000002  00000000  00000002  RWIX
  INT31                 0000ffbe   00000002  00000000  00000002  RWIX
  INT32                 0000ffc0   00000002  00000000  00000002  RWIX
  INT33                 0000ffc2   00000002  00000000  00000002  RWIX
  INT34                 0000ffc4   00000002  00000000  00000002  RWIX
  INT35                 0000ffc6   00000002  00000000  00000002  RWIX
  INT36                 0000ffc8   00000002  00000000  00000002  RWIX
  INT37                 0000ffca   00000002  00000000  00000002  RWIX
  INT38                 0000ffcc   00000002  00000000  00000002  RWIX
  INT39                 0000ffce   00000002  00000000  00000002  RWIX
  INT40                 0000ffd0   00000002  00000000  00000002  RWIX
  INT41                 0000ffd2   00000002  00000002  00000000  RWIX
  INT42                 0000ffd4   00000002  00000002  00000000  RWIX
  INT43                 0000ffd6   00000002  00000002  00000000  RWIX
  INT44                 0000ffd8   00000002  00000002  00000000  RWIX
  INT45                 0000ffda   00000002  00000002  00000000  RWIX
  INT46                 0000ffdc   00000002  00000002  00000000  RWIX
  INT47                 0000ffde   00000002  00000002  00000000  RWIX
  INT48                 0000ffe0   00000002  00000002  00000000  RWIX
  INT49                 0000ffe2   00000002  00000002  00000000  RWIX
  INT50                 0000ffe4   00000002  00000002  00000000  RWIX
  INT51                 0000ffe6   00000002  00000002  00000000  RWIX
  INT52                 0000ffe8   00000002  00000002  00000000  RWIX
  INT53                 0000ffea   00000002  00000002  00000000  RWIX
  INT54                 0000ffec   00000002  00000002  00000000  RWIX
  INT55                 0000ffee   00000002  00000002  00000000  RWIX
  INT56                 0000fff0   00000002  00000002  00000000  RWIX
  INT57                 0000fff2   00000002  00000002  00000000  RWIX
  INT58                 0000fff4   00000002  00000002  00000000  RWIX
  INT59                 0000fff6   00000002  00000002  00000000  RWIX
  INT60                 0000fff8   00000002  00000002  00000000  RWIX
  INT61                 0000fffa   00000002  00000002  00000000  RWIX
  INT62                 0000fffc   00000002  00000002  00000000  RWIX
  RESET                 0000fffe   00000002  00000002  00000000  RWIX
  FLASH2                00010000   00014400  00014400  00000000  RWIX


SECTION ALLOCATION MAP

 output                                  attributes/
section   page    origin      length       input sections
--------  ----  ----------  ----------   ----------------
.bss       0    00002400    00000422     UNINITIALIZED
                  00002400    00000200     (.common:RW_dataBuf)
                  00002600    00000100     (.common:Scsi_Standard_Inquiry_Data)
                  00002700    00000024     (.common:sRwbuf)
                  00002724    00000022     (.common:MscWriteControl)
                  00002746    00000022     (.common:abramSerialStringDescriptor)
                  00002768    00000020     (.common:McsCbw)
                  00002788    00000020     (.common:RequestSenseResponse)
                  000027a8    0000001e     (.common:MscReadControl)
                  000027c6    00000014     (.common:MscState)
                  000027da    0000000e     (.common:McsCsw)
                  000027e8    0000000c     (.common:mediaInfo)
                  000027f4    0000000b     usb.obj (.bss)
                  000027ff    00000001     (.common:bStatusAction)
                  00002800    00000008     (.common:Scsi_Read_Capacity_10)
                  00002808    00000008     (.common:abUsbRequestReturnData)
                  00002810    00000004     (.common:RWbuf_info)
                  00002814    00000004     (.common:USB_RX_memcpy)
                  00002818    00000004     (.common:USB_TX_memcpy)
                  0000281c    00000002     (.common:wBytesRemainingOnIEP0)
                  0000281e    00000002     (.common:wBytesRemainingOnOEP0)
                  00002820    00000002     (.common:wUsbEventMask)

.data      0    00002822    00000044     UNINITIALIZED
                  00002822    0000001f     descriptors.obj (.data:USBMSC_config)
                  00002841    00000001     --HOLE--
                  00002842    00000010     UsbMscScsi.obj (.data:MscControl)
                  00002852    00000008     UsbMscScsi.obj (.data:Scsi_Mode_Sense_10)
                  0000285a    00000008     usb.obj (.data)
                  00002862    00000004     UsbMscScsi.obj (.data:Scsi_Mode_Sense_6)

.stack     0    00004360    000000a0     UNINITIALIZED
                  00004360    00000004     rts430x_lc_ld_eabi.lib : boot.obj (.stack)
                  00004364    0000009c     --HOLE--

.binit     0    00004400    00000000     

.text:_isr 
*          0    0000769a    00000162     
                  0000769a    00000102     UsbIsr.obj (.text:_isr:iUsbInterruptHandler)
                  0000779c    0000003e     main.obj (.text:_isr:UNMI_ISR)
                  000077da    0000001a     rts430x_lc_ld_eabi.lib : boot_special.obj (.text:_isr:_c_int00_noargs_noexit)
                  000077f4    00000008                            : isr_trap.obj (.text:_isr:__TI_ISR_TRAP)

.cinit     0    000077fc    0000004c     
                  000077fc    00000028     (.cinit..data.load) [load image, compression = rle]
                  00007824    0000000b     (.cinit..bss.load) [load image, compression = rle]
                  0000782f    00000001     --HOLE-- [fill = 0]
                  00007830    00000008     (__TI_handler_table)
                  00007838    00000010     (__TI_cinit_table)

.init_array 
*          0    00004400    00000000     UNINITIALIZED

.text      0    00004400    0000305a     
                  00004400    00000372     UsbMscScsi.obj (.text:MSCFromHostToBuffer)
                  00004772    000002d8     UsbMscScsi.obj (.text:USBMSC_processBuffer)
                  00004a4a    00000296     UsbMscScsi.obj (.text:MSCToHostFromBuffer)
                  00004ce0    0000021a     UsbMscScsi.obj (.text:Scsi_Cmd_Parser)
                  00004efa    00000180     UsbMscScsi.obj (.text:USBMSC_updateMediaInformation)
                  0000507a    00000116     UsbMscStateMachine.obj (.text:USBMSC_pollCommand)
                  00005190    0000010a     usb.obj (.text:USB_reset)
                  0000529a    00000102     UsbMscScsi.obj (.text:Scsi_Write10)
                  0000539c    000000f8     UsbMscScsi.obj (.text:Scsi_Inquiry)
                  00005494    000000ea     UsbMscScsi.obj (.text:Scsi_Read10)
                  0000557e    000000e2     ucs.obj (.text:UCS_initFLL)
                  00005660    000000d4     UsbMscScsi.obj (.text:Check_CBW)
                  00005734    000000d2     usb.obj (.text:USB_enable)
                  00005806    000000ce     pmm.obj (.text:PMM_setVCoreUp)
                  000058d4    000000c6     UsbMscScsi.obj (.text:Scsi_Request_Sense)
                  0000599a    000000c6     usb.obj (.text:USB_InitSerialStringDescriptor)
                  00005a60    000000ae     usb.obj (.text:USB_determineFreq)
                  00005b0e    000000a8     rts430x_lc_ld_eabi.lib : autoinit_wdt.obj (.text:_auto_init_hold_wdt)
                  00005bb6    00000098     hal.obj (.text:USBHAL_initPorts)
                  00005c4e    00000096     usb.obj (.text:USB_getConnectionState)
                  00005ce4    00000094     pmm.obj (.text:PMM_setVCoreDown)
                  00005d78    0000008e     UsbMscScsi.obj (.text:MscCopyUsbToBuff)
                  00005e06    0000008c     ucs.obj (.text:UCS_initClockSignal)
                  00005e92    0000008c     usb.obj (.text:USB_init)
                  00005f1e    00000088     usb.obj (.text:usbDecodeAndProcessUsbRequest)
                  00005fa6    0000007e     usb.obj (.text:usbClearEndpointFeature)
                  00006024    0000007a     mscFse.obj (.text:USBMSC_processFSEBuffer)
                  0000609e    00000078     UsbMscScsi.obj (.text:Scsi_Unknown_Request)
                  00006116    00000074     usb.obj (.text:usbSendNextPacketOnIEP0)
                  0000618a    00000072     rts430x_lc_ld_eabi.lib : cpy_tbl.obj (.text:copy_in)
                  000061fc    0000006e     UsbIsr.obj (.text:PWRVBUSoffHandler)
                  0000626a    0000006e     usb.obj (.text:usbGetEndpointStatus)
                  000062d8    00000068     UsbMscScsi.obj (.text:MscSendData)
                  00006340    00000068     rts430x_lc_ld_eabi.lib : copy_decompress_rle.obj (.text:__TI_decompress_rle_core)
                  000063a8    00000068     usbdma.obj (.text:memcpyDMA)
                  00006410    00000064     UsbMscScsi.obj (.text:Reset_RequestSenseResponse)
                  00006474    00000062     dma.obj (.text:DMA_init)
                  000064d6    00000062     UsbIsr.obj (.text:PWRVBUSonHandler)
                  00006538    00000062     main.obj (.text:main)
                  0000659a    0000005e     usbdma.obj (.text:USB_initMemcpy)
                  000065f8    0000005a     UsbMscScsi.obj (.text:Scsi_Mode_Sense10)
                  00006652    0000005a     UsbMscScsi.obj (.text:Scsi_Mode_Sense6)
                  000066ac    0000005a     UsbMscScsi.obj (.text:Scsi_Verify_CBW)
                  00006706    00000058     rts430x_lc_ld_eabi.lib : div32u.obj (.text)
                  0000675e    00000054     usb.obj (.text:usbSetEndpointFeature)
                  000067b2    00000050     usb.obj (.text:usbGetStringDescriptor)
                  00006802    0000004e     UsbMscScsi.obj (.text:USBMSC_registerBufferInformation)
                  00006850    0000004c     tlv.obj (.text:TLV_getInfo)
                  0000689c    0000004c     usb.obj (.text:usbReceiveNextPacketOnOEP0)
                  000068e8    0000004c     usb.obj (.text:usbSetInterface)
                  00006934    0000004a     pmm.obj (.text:PMM_setVCore)
                  0000697e    0000004a     UsbIsr.obj (.text:SetupPacketInterruptHandler)
                  000069c8    0000004a     usb.obj (.text:USB_setup)
                  00006a12    0000004a     mmc.obj (.text:disk_read)
                  00006a5c    00000046     UsbMscReq.obj (.text:USBMSC_reset)
                  00006aa2    00000044     UsbMscScsi.obj (.text:Msc_ResetStruct)
                  00006ae6    00000042     mmc.obj (.text:flashWrite_LBA)
                  00006b28    00000040     ucs.obj (.text:UCS_turnOnXT2WithTimeout)
                  00006b68    00000040     mmc.obj (.text:disk_write)
                  00006ba8    0000003e     UsbMscScsi.obj (.text:Scsi_Send_CSW)
                  00006be6    0000003e     hal.obj (.text:USBHAL_initClocks)
                  00006c24    0000003e     UsbMscScsi.obj (.text:USBMSC_getState)
                  00006c62    0000003e     mscFse.obj (.text:USBMSC_initFSE)
                  00006ca0    0000003e     rts430x_lc_ld_eabi.lib : asr32.obj (.text:l_asr_const)
                  00006cde    0000003e                            : lsl32.obj (.text:l_lsl_const)
                  00006d1c    0000003e                            : lsr32.obj (.text:l_lsr_const)
                  00006d5a    00000034     usb.obj (.text:usbSetAddress)
                  00006d8e    00000032     UsbMscScsi.obj (.text:Scsi_Read_Capacity10)
                  00006dc0    00000032     ucs.obj (.text:UCS_initFLLSettle)
                  00006df2    00000032     usb.obj (.text:USB_getConnectionInformation)
                  00006e24    00000032     usbdma.obj (.text:memcpyV)
                  00006e56    00000030     UsbMscStateMachine.obj (.text:Msc_ResetStateMachine)
                  00006e86    00000030     usb.obj (.text:USB_suspend)
                  00006eb6    00000030     usb.obj (.text:usbSetConfiguration)
                  00006ee6    0000002e     UsbMscScsi.obj (.text:usbStallEndpoint)
                  00006f14    0000002c     usb.obj (.text:usbGetDeviceStatus)
                  00006f40    0000002a     rts430x_lc_ld_eabi.lib : memcpy.obj (.text:memcpy)
                  00006f6a    00000028     dma.obj (.text:DMA_setDstAddress)
                  00006f92    00000028     gpio.obj (.text:GPIO_setAsOutputPin)
                  00006fba    00000028     gpio.obj (.text:GPIO_setAsPeripheralModuleFunctionOutputPin)
                  00006fe2    00000028     UsbMscScsi.obj (.text:Scsi_Report_Luns)
                  0000700a    00000026     dma.obj (.text:DMA_setSrcAddress)
                  00007030    00000024     UsbMscScsi.obj (.text:MscResetData)
                  00007054    00000024     rts430x_lc_ld_eabi.lib : mult32_f5hw.obj (.text)
                  00007078    00000024     usb.obj (.text:usbClearDeviceFeature)
                  0000709c    00000024     usb.obj (.text:usbSetDeviceFeature)
                  000070c0    00000022     usb.obj (.text:USB_disable)
                  000070e2    00000020     rts430x_lc_ld_eabi.lib : memset.obj (.text:memset)
                  00007102    00000020     usb.obj (.text:usbSendDataPacketOnEP0)
                  00007122    0000001e     UsbIsr.obj (.text:OEP0InterruptHandler)
                  00007140    0000001e     usb.obj (.text:usbGetInterface)
                  0000715e    0000001e     usb.obj (.text:usbGetInterfaceStatus)
                  0000717c    0000001c     gpio.obj (.text:GPIO_setOutputLowOnPin)
                  00007198    0000001c     UsbIsr.obj (.text:IEP0InterruptHandler)
                  000071b4    0000001c     rts430x_lc_ld_eabi.lib : mult1632_f5hw.obj (.text:__mpyul)
                  000071d0    0000001c     usb.obj (.text:usbDisableInEndpointInterrupt)
                  000071ec    0000001c     usb.obj (.text:usbDisableOutEndpointInterrupt)
                  00007208    0000001a     UsbMscReq.obj (.text:Get_MaxLUN)
                  00007222    0000001a     usb.obj (.text:USB_connect)
                  0000723c    0000001a     wdt_a.obj (.text:WDT_A_hold)
                  00007256    00000018     usb.obj (.text:USB_resume)
                  0000726e    00000018     rts430x_lc_ld_eabi.lib : mult16_f5hw.obj (.text)
                  00007286    00000018     UsbMscScsi.obj (.text:usbStallOutEndpoint)
                  0000729e    00000016     UsbMscScsi.obj (.text:Scsi_Test_Unit_Ready)
                  000072b4    00000016     rts430x_lc_ld_eabi.lib : copy_decompress_none.obj (.text:decompress:none:__TI_decompress_none)
                  000072ca    00000016                            : div16u.obj (.text)
                  000072e0    00000016     usb.obj (.text:usbGetConfigurationDescriptor)
                  000072f6    00000016     usb.obj (.text:usbGetDeviceDescriptor)
                  0000730c    00000014     usbEventHandling.obj (.text:USB_handleVbusOnEvent)
                  00007320    00000014     UsbMscScsi.obj (.text:usbClearOEPByteCount)
                  00007334    00000014     usb.obj (.text:usbGetConfiguration)
                  00007348    00000014     UsbMscScsi.obj (.text:usbStallInEndpoint)
                  0000735c    00000012     usb.obj (.text:usbInvalidRequest)
                  0000736e    00000010     dma.obj (.text:DMA_disableTransfers)
                  0000737e    00000010     dma.obj (.text:DMA_enableTransfers)
                  0000738e    0000000e     dma.obj (.text:DMA_getInterruptStatus)
                  0000739c    0000000e     dma.obj (.text:DMA_startTransfer)
                  000073aa    0000000e     usb.obj (.text:usbSendZeroLengthPacketOnIEP0)
                  000073b8    0000000c     dma.obj (.text:DMA_setTransferSize)
                  000073c4    0000000c     UsbMscScsi.obj (.text:MscResetCtrlLun)
                  000073d0    0000000a     system_pre_init.obj (.text:_system_pre_init)
                  000073da    0000000a     rts430x_lc_ld_eabi.lib : lsl16.obj (.text)
                  000073e4    0000000a                            : lsr16.obj (.text)
                  000073ee    00000008     ucs.obj (.text:UCS_turnOffXT2)
                  000073f6    00000008     usbEventHandling.obj (.text:USB_handleVbusOffEvent)
                  000073fe    00000006     dma.obj (.text:DMA_disableTransferDuringReadModifyWrite)
                  00007404    00000006     dma.obj (.text:DMA_enableTransferDuringReadModifyWrite)
                  0000740a    00000006     UsbMscScsi.obj (.text:Msc_ResetFlags)
                  00007410    00000006     sfr.obj (.text:SFR_clearInterrupt)
                  00007416    00000006     ucs.obj (.text:UCS_clearFaultFlag)
                  0000741c    00000006     UsbMscScsi.obj (.text:USBMSC_fetchInformationStructure)
                  00007422    00000006     usb.obj (.text:USB_getVersion)
                  00007428    00000006     rts430x_lc_ld_eabi.lib : exit.obj (.text:abort)
                  0000742e    00000006                            : copy_decompress_rle.obj (.text:decompress:rle24:__TI_decompress_rle24)
                  00007434    00000006     usb.obj (.text:usbRestoreInEndpointInterrupt)
                  0000743a    00000006     usb.obj (.text:usbRestoreOutEndpointInterrupt)
                  00007440    00000004     usbEventHandling.obj (.text:USBMSC_handleBufferEvent)
                  00007444    00000004     usbEventHandling.obj (.text:USB_handleClockEvent)
                  00007448    00000004     usbEventHandling.obj (.text:USB_handleEnumerationCompleteEvent)
                  0000744c    00000004     usbEventHandling.obj (.text:USB_handleResetEvent)
                  00007450    00000004     usbEventHandling.obj (.text:USB_handleResumeEvent)
                  00007454    00000004     usbEventHandling.obj (.text:USB_handleSuspendEvent)
                  00007458    00000002     rts430x_lc_ld_eabi.lib : startup.obj (.text:_system_post_cinit)

.const     0    0000745a    00000240     
                  0000745a    000000fc     descriptors.obj (.const:tUsbRequestList)
                  00007556    00000084     descriptors.obj (.const:.string:abromStringDescriptor)
                  000075da    00000024     UsbMscScsi.obj (.const:.string:bScsi_Standard_Inquiry_Data)
                  000075fe    00000022     usb.obj (.const:.string)
                  00007620    00000020     descriptors.obj (.const:abromConfigurationDescriptorGroup)
                  00007640    0000001c     gpio.obj (.const:GPIO_PORT_TO_BASE)
                  0000765c    00000012     descriptors.obj (.const:.string:abromDeviceDescriptor)
                  0000766e    00000010     UsbMscScsi.obj (.const:Report_Luns)
                  0000767e    00000010     descriptors.obj (.const:stUsbHandle)
                  0000768e    0000000a     usbdma.obj (.const:$P$T0$1)
                  00007698    00000002     mscFse.obj (.const)

RTC        0    0000ffd2    00000002     
                  0000ffd2    00000002     rts430x_lc_ld_eabi.lib : int41.obj (.int41)

PORT2      0    0000ffd4    00000002     
                  0000ffd4    00000002     rts430x_lc_ld_eabi.lib : int42.obj (.int42)

TIMER2_A1 
*          0    0000ffd6    00000002     
                  0000ffd6    00000002     rts430x_lc_ld_eabi.lib : int43.obj (.int43)

TIMER2_A0 
*          0    0000ffd8    00000002     
                  0000ffd8    00000002     rts430x_lc_ld_eabi.lib : int44.obj (.int44)

USCI_B1    0    0000ffda    00000002     
                  0000ffda    00000002     rts430x_lc_ld_eabi.lib : int45.obj (.int45)

USCI_A1    0    0000ffdc    00000002     
                  0000ffdc    00000002     rts430x_lc_ld_eabi.lib : int46.obj (.int46)

PORT1      0    0000ffde    00000002     
                  0000ffde    00000002     rts430x_lc_ld_eabi.lib : int47.obj (.int47)

TIMER1_A1 
*          0    0000ffe0    00000002     
                  0000ffe0    00000002     rts430x_lc_ld_eabi.lib : int48.obj (.int48)

TIMER1_A0 
*          0    0000ffe2    00000002     
                  0000ffe2    00000002     rts430x_lc_ld_eabi.lib : int49.obj (.int49)

DMA        0    0000ffe4    00000002     
                  0000ffe4    00000002     rts430x_lc_ld_eabi.lib : int50.obj (.int50)

USB_UBM    0    0000ffe6    00000002     
                  0000ffe6    00000002     UsbIsr.obj (.int51)

TIMER0_A1 
*          0    0000ffe8    00000002     
                  0000ffe8    00000002     rts430x_lc_ld_eabi.lib : int52.obj (.int52)

TIMER0_A0 
*          0    0000ffea    00000002     
                  0000ffea    00000002     rts430x_lc_ld_eabi.lib : int53.obj (.int53)

ADC12      0    0000ffec    00000002     
                  0000ffec    00000002     rts430x_lc_ld_eabi.lib : int54.obj (.int54)

USCI_B0    0    0000ffee    00000002     
                  0000ffee    00000002     rts430x_lc_ld_eabi.lib : int55.obj (.int55)

USCI_A0    0    0000fff0    00000002     
                  0000fff0    00000002     rts430x_lc_ld_eabi.lib : int56.obj (.int56)

WDT        0    0000fff2    00000002     
                  0000fff2    00000002     rts430x_lc_ld_eabi.lib : int57.obj (.int57)

TIMER0_B1 
*          0    0000fff4    00000002     
                  0000fff4    00000002     rts430x_lc_ld_eabi.lib : int58.obj (.int58)

TIMER0_B0 
*          0    0000fff6    00000002     
                  0000fff6    00000002     rts430x_lc_ld_eabi.lib : int59.obj (.int59)

COMP_B     0    0000fff8    00000002     
                  0000fff8    00000002     rts430x_lc_ld_eabi.lib : int60.obj (.int60)

UNMI       0    0000fffa    00000002     
                  0000fffa    00000002     main.obj (.int61)

SYSNMI     0    0000fffc    00000002     
                  0000fffc    00000002     rts430x_lc_ld_eabi.lib : int62.obj (.int62)

.reset     0    0000fffe    00000002     
                  0000fffe    00000002     rts430x_lc_ld_eabi.lib : boot.obj (.reset)

MYDRIVE    0    00010000    00014400     
                  00010000    00014400     storageVolume.obj (MYDRIVE)

MODULE SUMMARY

       Module                     code    ro data   rw data
       ------                     ----    -------   -------
    .\
       hal.obj                    214     0         0      
       main.obj                   160     2         0      
       system_pre_init.obj        10      0         0      
    +--+--------------------------+-------+---------+---------+
       Total:                     384     2         0      
                                                           
    .\USB_API\USB_Common\
       usb.obj                    2676    34        68     
       usbdma.obj                 248     10        8      
    +--+--------------------------+-------+---------+---------+
       Total:                     2924    44        76     
                                                           
    .\USB_API\USB_MSC_API\
       UsbMscScsi.obj             5632    52        490    
       UsbMscStateMachine.obj     326     0         0      
       UsbMscReq.obj              96      0         0      
    +--+--------------------------+-------+---------+---------+
       Total:                     6054    52        490    
                                                           
    .\USB_app\
       storageVolume.obj          0       82944     0      
       mscFse.obj                 184     2         528    
       usbEventHandling.obj       52      0         0      
    +--+--------------------------+-------+---------+---------+
       Total:                     236     82946     528    
                                                           
    .\USB_app\FatFs\
       mmc.obj                    204     0         0      
    +--+--------------------------+-------+---------+---------+
       Total:                     204     0         0      
                                                           
    .\USB_config\
       UsbIsr.obj                 598     2         0      
       descriptors.obj            0       450       31     
    +--+--------------------------+-------+---------+---------+
       Total:                     598     452       31     
                                                           
    .\driverlib\MSP430F5xx_6xx\
       ucs.obj                    494     0         0      
       pmm.obj                    428     0         0      
       dma.obj                    260     0         0      
       gpio.obj                   108     28        0      
       tlv.obj                    76      0         0      
       wdt_a.obj                  26      0         0      
       sfr.obj                    6       0         0      
    +--+--------------------------+-------+---------+---------+
       Total:                     1398    28        0      
                                                           
    C:\ti\ccsv6\tools\compiler\msp430_15.12.3.LTS\lib\rts430x_lc_ld_eabi.lib
       autoinit_wdt.obj           168     0         0      
       cpy_tbl.obj                114     0         0      
       copy_decompress_rle.obj    110     0         0      
       div32u.obj                 88      0         0      
       asr32.obj                  62      0         0      
       lsl32.obj                  62      0         0      
       lsr32.obj                  62      0         0      
       memcpy.obj                 42      0         0      
       mult32_f5hw.obj            36      0         0      
       memset.obj                 32      0         0      
       mult1632_f5hw.obj          28      0         0      
       boot_special.obj           26      0         0      
       mult16_f5hw.obj            24      0         0      
       copy_decompress_none.obj   22      0         0      
       div16u.obj                 22      0         0      
       lsl16.obj                  10      0         0      
       lsr16.obj                  10      0         0      
       isr_trap.obj               8       0         0      
       exit.obj                   6       0         0      
       boot.obj                   0       2         0      
       int41.obj                  0       2         0      
       int42.obj                  0       2         0      
       int43.obj                  0       2         0      
       int44.obj                  0       2         0      
       int45.obj                  0       2         0      
       int46.obj                  0       2         0      
       int47.obj                  0       2         0      
       int48.obj                  0       2         0      
       int49.obj                  0       2         0      
       int50.obj                  0       2         0      
       int52.obj                  0       2         0      
       int53.obj                  0       2         0      
       int54.obj                  0       2         0      
       int55.obj                  0       2         0      
       int56.obj                  0       2         0      
       int57.obj                  0       2         0      
       int58.obj                  0       2         0      
       int59.obj                  0       2         0      
       int60.obj                  0       2         0      
       int62.obj                  0       2         0      
       startup.obj                2       0         0      
    +--+--------------------------+-------+---------+---------+
       Total:                     934     42        0      
                                                           
       Stack:                     0       0         160    
       Linker Generated:          0       75        0      
    +--+--------------------------+-------+---------+---------+
       Grand Total:               12732   83641     1285   


LINKER GENERATED COPY TABLES

__TI_cinit_table @ 00007838 records: 2, size/record: 8, table size: 16
	.data: load addr=000077fc, load size=00000028 bytes, run addr=00002822, run size=00000044 bytes, compression=rle
	.bss: load addr=00007824, load size=0000000b bytes, run addr=00002400, run size=00000422 bytes, compression=rle


LINKER GENERATED HANDLER TABLE

__TI_handler_table @ 00007830 records: 2, size/record: 4, table size: 8
	index: 0, handler: __TI_decompress_rle24
	index: 1, handler: __TI_decompress_none


GLOBAL SYMBOLS: SORTED ALPHABETICALLY BY Name 

address   name                                       
-------   ----                                       
00000700  ADC12CTL0                                  
00000701  ADC12CTL0_H                                
00000700  ADC12CTL0_L                                
00000702  ADC12CTL1                                  
00000703  ADC12CTL1_H                                
00000702  ADC12CTL1_L                                
00000704  ADC12CTL2                                  
00000705  ADC12CTL2_H                                
00000704  ADC12CTL2_L                                
0000070c  ADC12IE                                    
0000070d  ADC12IE_H                                  
0000070c  ADC12IE_L                                  
0000070a  ADC12IFG                                   
0000070b  ADC12IFG_H                                 
0000070a  ADC12IFG_L                                 
0000070e  ADC12IV                                    
0000070f  ADC12IV_H                                  
0000070e  ADC12IV_L                                  
00000710  ADC12MCTL0                                 
00000711  ADC12MCTL1                                 
0000071a  ADC12MCTL10                                
0000071b  ADC12MCTL11                                
0000071c  ADC12MCTL12                                
0000071d  ADC12MCTL13                                
0000071e  ADC12MCTL14                                
0000071f  ADC12MCTL15                                
00000712  ADC12MCTL2                                 
00000713  ADC12MCTL3                                 
00000714  ADC12MCTL4                                 
00000715  ADC12MCTL5                                 
00000716  ADC12MCTL6                                 
00000717  ADC12MCTL7                                 
00000718  ADC12MCTL8                                 
00000719  ADC12MCTL9                                 
00000720  ADC12MEM0                                  
00000721  ADC12MEM0_H                                
00000720  ADC12MEM0_L                                
00000722  ADC12MEM1                                  
00000734  ADC12MEM10                                 
00000735  ADC12MEM10_H                               
00000734  ADC12MEM10_L                               
00000736  ADC12MEM11                                 
00000737  ADC12MEM11_H                               
00000736  ADC12MEM11_L                               
00000738  ADC12MEM12                                 
00000739  ADC12MEM12_H                               
00000738  ADC12MEM12_L                               
0000073a  ADC12MEM13                                 
0000073b  ADC12MEM13_H                               
0000073a  ADC12MEM13_L                               
0000073c  ADC12MEM14                                 
0000073d  ADC12MEM14_H                               
0000073c  ADC12MEM14_L                               
0000073e  ADC12MEM15                                 
0000073f  ADC12MEM15_H                               
0000073e  ADC12MEM15_L                               
00000723  ADC12MEM1_H                                
00000722  ADC12MEM1_L                                
00000724  ADC12MEM2                                  
00000725  ADC12MEM2_H                                
00000724  ADC12MEM2_L                                
00000726  ADC12MEM3                                  
00000727  ADC12MEM3_H                                
00000726  ADC12MEM3_L                                
00000728  ADC12MEM4                                  
00000729  ADC12MEM4_H                                
00000728  ADC12MEM4_L                                
0000072a  ADC12MEM5                                  
0000072b  ADC12MEM5_H                                
0000072a  ADC12MEM5_L                                
0000072c  ADC12MEM6                                  
0000072d  ADC12MEM6_H                                
0000072c  ADC12MEM6_L                                
0000072e  ADC12MEM7                                  
0000072f  ADC12MEM7_H                                
0000072e  ADC12MEM7_L                                
00000730  ADC12MEM8                                  
00000731  ADC12MEM8_H                                
00000730  ADC12MEM8_L                                
00000732  ADC12MEM9                                  
00000733  ADC12MEM9_H                                
00000732  ADC12MEM9_L                                
00007698  BYTES_PER_BLOCK                            
00007428  C$$EXIT                                    
000008c0  CBCTL0                                     
000008c1  CBCTL0_H                                   
000008c0  CBCTL0_L                                   
000008c2  CBCTL1                                     
000008c3  CBCTL1_H                                   
000008c2  CBCTL1_L                                   
000008c4  CBCTL2                                     
000008c5  CBCTL2_H                                   
000008c4  CBCTL2_L                                   
000008c6  CBCTL3                                     
000008c7  CBCTL3_H                                   
000008c6  CBCTL3_L                                   
000008cc  CBINT                                      
000008cd  CBINT_H                                    
000008cc  CBINT_L                                    
000008ce  CBIV                                       
00000150  CRCDI                                      
00000152  CRCDIRB                                    
00000153  CRCDIRB_H                                  
00000152  CRCDIRB_L                                  
00000151  CRCDI_H                                    
00000150  CRCDI_L                                    
00000154  CRCINIRES                                  
00000155  CRCINIRES_H                                
00000154  CRCINIRES_L                                
00000156  CRCRESR                                    
00000157  CRCRESR_H                                  
00000156  CRCRESR_L                                  
00005660  Check_CBW                                  
00000510  DMA0CTL                                    
00000511  DMA0CTL_H                                  
00000510  DMA0CTL_L                                  
00000516  DMA0DA                                     
00000518  DMA0DAH                                    
00000516  DMA0DAL                                    
00000512  DMA0SA                                     
00000514  DMA0SAH                                    
00000512  DMA0SAL                                    
0000051a  DMA0SZ                                     
00000520  DMA1CTL                                    
00000521  DMA1CTL_H                                  
00000520  DMA1CTL_L                                  
00000526  DMA1DA                                     
00000528  DMA1DAH                                    
00000526  DMA1DAL                                    
00000522  DMA1SA                                     
00000524  DMA1SAH                                    
00000522  DMA1SAL                                    
0000052a  DMA1SZ                                     
00000530  DMA2CTL                                    
00000531  DMA2CTL_H                                  
00000530  DMA2CTL_L                                  
00000536  DMA2DA                                     
00000538  DMA2DAH                                    
00000536  DMA2DAL                                    
00000532  DMA2SA                                     
00000534  DMA2SAH                                    
00000532  DMA2SAL                                    
0000053a  DMA2SZ                                     
00000500  DMACTL0                                    
00000501  DMACTL0_H                                  
00000500  DMACTL0_L                                  
00000502  DMACTL1                                    
00000503  DMACTL1_H                                  
00000502  DMACTL1_L                                  
00000504  DMACTL2                                    
00000505  DMACTL2_H                                  
00000504  DMACTL2_L                                  
00000506  DMACTL3                                    
00000507  DMACTL3_H                                  
00000506  DMACTL3_L                                  
00000508  DMACTL4                                    
00000509  DMACTL4_H                                  
00000508  DMACTL4_L                                  
0000050e  DMAIV                                      
0000050f  DMAIV_H                                    
0000050e  DMAIV_L                                    
000073fe  DMA_disableTransferDuringReadModifyWrite   
0000736e  DMA_disableTransfers                       
00007404  DMA_enableTransferDuringReadModifyWrite    
0000737e  DMA_enableTransfers                        
0000738e  DMA_getInterruptStatus                     
00006474  DMA_init                                   
00006f6a  DMA_setDstAddress                          
0000700a  DMA_setSrcAddress                          
000073b8  DMA_setTransferSize                        
0000739c  DMA_startTransfer                          
00000140  FCTL1                                      
00000141  FCTL1_H                                    
00000140  FCTL1_L                                    
00000144  FCTL3                                      
00000145  FCTL3_H                                    
00000144  FCTL3_L                                    
00000146  FCTL4                                      
00000147  FCTL4_H                                    
00000146  FCTL4_L                                    
00006f92  GPIO_setAsOutputPin                        
00006fba  GPIO_setAsPeripheralModuleFunctionOutputPin
0000717c  GPIO_setOutputLowOnPin                     
00007208  Get_MaxLUN                                 
00007198  IEP0InterruptHandler                       
000004c4  MAC                                        
000004da  MAC32H                                     
000004db  MAC32H_H                                   
000004da  MAC32H_L                                   
000004d8  MAC32L                                     
000004d9  MAC32L_H                                   
000004d8  MAC32L_L                                   
000004c6  MACS                                       
000004de  MACS32H                                    
000004df  MACS32H_H                                  
000004de  MACS32H_L                                  
000004dc  MACS32L                                    
000004dd  MACS32L_H                                  
000004dc  MACS32L_L                                  
000004c7  MACS_H                                     
000004c6  MACS_L                                     
000004c5  MAC_H                                      
000004c4  MAC_L                                      
000004c0  MPY                                        
000004ec  MPY32CTL0                                  
000004ed  MPY32CTL0_H                                
000004ec  MPY32CTL0_L                                
000004d2  MPY32H                                     
000004d3  MPY32H_H                                   
000004d2  MPY32H_L                                   
000004d0  MPY32L                                     
000004d1  MPY32L_H                                   
000004d0  MPY32L_L                                   
000004c2  MPYS                                       
000004d6  MPYS32H                                    
000004d7  MPYS32H_H                                  
000004d6  MPYS32H_L                                  
000004d4  MPYS32L                                    
000004d5  MPYS32L_H                                  
000004d4  MPYS32L_L                                  
000004c3  MPYS_H                                     
000004c2  MPYS_L                                     
000004c1  MPY_H                                      
000004c0  MPY_L                                      
00004400  MSCFromHostToBuffer                        
00004a4a  MSCToHostFromBuffer                        
00002768  McsCbw                                     
000027da  McsCsw                                     
00002842  MscControl                                 
00005d78  MscCopyUsbToBuff                           
000027a8  MscReadControl                             
000073c4  MscResetCtrlLun                            
00007030  MscResetData                               
000062d8  MscSendData                                
000027c6  MscState                                   
00002724  MscWriteControl                            
0000740a  Msc_ResetFlags                             
00006e56  Msc_ResetStateMachine                      
00006aa2  Msc_ResetStruct                            
00007122  OEP0InterruptHandler                       
000004c8  OP2                                        
000004e2  OP2H                                       
000004e3  OP2H_H                                     
000004e2  OP2H_L                                     
000004e0  OP2L                                       
000004e1  OP2L_H                                     
000004e0  OP2L_L                                     
000004c9  OP2_H                                      
000004c8  OP2_L                                      
0000020e  P1IV                                       
0000021e  P2IV                                       
000001e0  P4MAP01                                    
000001e1  P4MAP01_H                                  
000001e0  P4MAP01_L                                  
000001e2  P4MAP23                                    
000001e3  P4MAP23_H                                  
000001e2  P4MAP23_L                                  
000001e4  P4MAP45                                    
000001e5  P4MAP45_H                                  
000001e4  P4MAP45_L                                  
000001e6  P4MAP67                                    
000001e7  P4MAP67_H                                  
000001e6  P4MAP67_L                                  
00000204  PADIR                                      
00000205  PADIR_H                                    
00000204  PADIR_L                                    
00000208  PADS                                       
00000209  PADS_H                                     
00000208  PADS_L                                     
0000021a  PAIE                                       
00000218  PAIES                                      
00000219  PAIES_H                                    
00000218  PAIES_L                                    
0000021b  PAIE_H                                     
0000021a  PAIE_L                                     
0000021c  PAIFG                                      
0000021d  PAIFG_H                                    
0000021c  PAIFG_L                                    
00000200  PAIN                                       
00000201  PAIN_H                                     
00000200  PAIN_L                                     
00000202  PAOUT                                      
00000203  PAOUT_H                                    
00000202  PAOUT_L                                    
00000206  PAREN                                      
00000207  PAREN_H                                    
00000206  PAREN_L                                    
0000020a  PASEL                                      
0000020b  PASEL_H                                    
0000020a  PASEL_L                                    
00000224  PBDIR                                      
00000225  PBDIR_H                                    
00000224  PBDIR_L                                    
00000228  PBDS                                       
00000229  PBDS_H                                     
00000228  PBDS_L                                     
00000220  PBIN                                       
00000221  PBIN_H                                     
00000220  PBIN_L                                     
00000222  PBOUT                                      
00000223  PBOUT_H                                    
00000222  PBOUT_L                                    
00000226  PBREN                                      
00000227  PBREN_H                                    
00000226  PBREN_L                                    
0000022a  PBSEL                                      
0000022b  PBSEL_H                                    
0000022a  PBSEL_L                                    
00000244  PCDIR                                      
00000245  PCDIR_H                                    
00000244  PCDIR_L                                    
00000248  PCDS                                       
00000249  PCDS_H                                     
00000248  PCDS_L                                     
00000240  PCIN                                       
00000241  PCIN_H                                     
00000240  PCIN_L                                     
00000242  PCOUT                                      
00000243  PCOUT_H                                    
00000242  PCOUT_L                                    
00000246  PCREN                                      
00000247  PCREN_H                                    
00000246  PCREN_L                                    
0000024a  PCSEL                                      
0000024b  PCSEL_H                                    
0000024a  PCSEL_L                                    
00000264  PDDIR                                      
00000265  PDDIR_H                                    
00000264  PDDIR_L                                    
00000268  PDDS                                       
00000269  PDDS_H                                     
00000268  PDDS_L                                     
00000260  PDIN                                       
00000261  PDIN_H                                     
00000260  PDIN_L                                     
00000262  PDOUT                                      
00000263  PDOUT_H                                    
00000262  PDOUT_L                                    
00000266  PDREN                                      
00000267  PDREN_H                                    
00000266  PDREN_L                                    
0000026a  PDSEL                                      
0000026b  PDSEL_H                                    
0000026a  PDSEL_L                                    
00000324  PJDIR                                      
00000325  PJDIR_H                                    
00000324  PJDIR_L                                    
00000328  PJDS                                       
00000329  PJDS_H                                     
00000328  PJDS_L                                     
00000320  PJIN                                       
00000321  PJIN_H                                     
00000320  PJIN_L                                     
00000322  PJOUT                                      
00000323  PJOUT_H                                    
00000322  PJOUT_L                                    
00000326  PJREN                                      
00000327  PJREN_H                                    
00000326  PJREN_L                                    
00000130  PM5CTL0                                    
00000131  PM5CTL0_H                                  
00000130  PM5CTL0_L                                  
000001c2  PMAPCTL                                    
000001c3  PMAPCTL_H                                  
000001c2  PMAPCTL_L                                  
000001c0  PMAPKEYID                                  
000001c1  PMAPKEYID_H                                
000001c0  PMAPKEYID_L                                
00000120  PMMCTL0                                    
00000121  PMMCTL0_H                                  
00000120  PMMCTL0_L                                  
00000122  PMMCTL1                                    
00000123  PMMCTL1_H                                  
00000122  PMMCTL1_L                                  
0000012c  PMMIFG                                     
0000012d  PMMIFG_H                                   
0000012c  PMMIFG_L                                   
0000012e  PMMRIE                                     
0000012f  PMMRIE_H                                   
0000012e  PMMRIE_L                                   
00006934  PMM_setVCore                               
00005ce4  PMM_setVCoreDown                           
00005806  PMM_setVCoreUp                             
000061fc  PWRVBUSoffHandler                          
000064d6  PWRVBUSonHandler                           
00000158  RCCTL0                                     
00000159  RCCTL0_H                                   
00000158  RCCTL0_L                                   
000001b0  REFCTL0                                    
000001b1  REFCTL0_H                                  
000001b0  REFCTL0_L                                  
000004e4  RES0                                       
000004e5  RES0_H                                     
000004e4  RES0_L                                     
000004e6  RES1                                       
000004e7  RES1_H                                     
000004e6  RES1_L                                     
000004e8  RES2                                       
000004e9  RES2_H                                     
000004e8  RES2_L                                     
000004ea  RES3                                       
000004eb  RES3_H                                     
000004ea  RES3_L                                     
000004cc  RESHI                                      
000004cd  RESHI_H                                    
000004cc  RESHI_L                                    
000004ca  RESLO                                      
000004cb  RESLO_H                                    
000004ca  RESLO_L                                    
000004ba  RTCADOWDAY                                 
000004bb  RTCADOWDAY_H                               
000004ba  RTCADOWDAY_L                               
000004b8  RTCAMINHR                                  
000004b9  RTCAMINHR_H                                
000004b8  RTCAMINHR_L                                
000004a0  RTCCTL01                                   
000004a1  RTCCTL01_H                                 
000004a0  RTCCTL01_L                                 
000004a2  RTCCTL23                                   
000004a3  RTCCTL23_H                                 
000004a2  RTCCTL23_L                                 
000004b4  RTCDATE                                    
000004b5  RTCDATE_H                                  
000004b4  RTCDATE_L                                  
000004ae  RTCIV                                      
000004ac  RTCPS                                      
000004a8  RTCPS0CTL                                  
000004a9  RTCPS0CTL_H                                
000004a8  RTCPS0CTL_L                                
000004aa  RTCPS1CTL                                  
000004ab  RTCPS1CTL_H                                
000004aa  RTCPS1CTL_L                                
000004ad  RTCPS_H                                    
000004ac  RTCPS_L                                    
000004b0  RTCTIM0                                    
000004b1  RTCTIM0_H                                  
000004b0  RTCTIM0_L                                  
000004b2  RTCTIM1                                    
000004b3  RTCTIM1_H                                  
000004b2  RTCTIM1_L                                  
000004b6  RTCYEAR                                    
000004b7  RTCYEAR_H                                  
000004b6  RTCYEAR_L                                  
00002400  RW_dataBuf                                 
00002810  RWbuf_info                                 
0000766e  Report_Luns                                
00002788  RequestSenseResponse                       
00006410  Reset_RequestSenseResponse                 
00000100  SFRIE1                                     
00000101  SFRIE1_H                                   
00000100  SFRIE1_L                                   
00000102  SFRIFG1                                    
00000103  SFRIFG1_H                                  
00000102  SFRIFG1_L                                  
00000104  SFRRPCR                                    
00000105  SFRRPCR_H                                  
00000104  SFRRPCR_L                                  
00007410  SFR_clearInterrupt                         
000004ce  SUMEXT                                     
000004cf  SUMEXT_H                                   
000004ce  SUMEXT_L                                   
00000124  SVSMHCTL                                   
00000125  SVSMHCTL_H                                 
00000124  SVSMHCTL_L                                 
00000128  SVSMIO                                     
00000129  SVSMIO_H                                   
00000128  SVSMIO_L                                   
00000126  SVSMLCTL                                   
00000127  SVSMLCTL_H                                 
00000126  SVSMLCTL_L                                 
00000198  SYSBERRIV                                  
00000199  SYSBERRIV_H                                
00000198  SYSBERRIV_L                                
00000182  SYSBSLC                                    
00000183  SYSBSLC_H                                  
00000182  SYSBSLC_L                                  
00000180  SYSCTL                                     
00000181  SYSCTL_H                                   
00000180  SYSCTL_L                                   
00000186  SYSJMBC                                    
00000187  SYSJMBC_H                                  
00000186  SYSJMBC_L                                  
00000188  SYSJMBI0                                   
00000189  SYSJMBI0_H                                 
00000188  SYSJMBI0_L                                 
0000018a  SYSJMBI1                                   
0000018b  SYSJMBI1_H                                 
0000018a  SYSJMBI1_L                                 
0000018c  SYSJMBO0                                   
0000018d  SYSJMBO0_H                                 
0000018c  SYSJMBO0_L                                 
0000018e  SYSJMBO1                                   
0000018f  SYSJMBO1_H                                 
0000018e  SYSJMBO1_L                                 
0000019e  SYSRSTIV                                   
0000019f  SYSRSTIV_H                                 
0000019e  SYSRSTIV_L                                 
0000019c  SYSSNIV                                    
0000019d  SYSSNIV_H                                  
0000019c  SYSSNIV_L                                  
0000019a  SYSUNIV                                    
0000019b  SYSUNIV_H                                  
0000019a  SYSUNIV_L                                  
00004ce0  Scsi_Cmd_Parser                            
0000539c  Scsi_Inquiry                               
000065f8  Scsi_Mode_Sense10                          
00006652  Scsi_Mode_Sense6                           
00002852  Scsi_Mode_Sense_10                         
00002862  Scsi_Mode_Sense_6                          
00005494  Scsi_Read10                                
00006d8e  Scsi_Read_Capacity10                       
00002800  Scsi_Read_Capacity_10                      
00006fe2  Scsi_Report_Luns                           
000058d4  Scsi_Request_Sense                         
00006ba8  Scsi_Send_CSW                              
00002600  Scsi_Standard_Inquiry_Data                 
0000729e  Scsi_Test_Unit_Ready                       
0000609e  Scsi_Unknown_Request                       
000066ac  Scsi_Verify_CBW                            
0000529a  Scsi_Write10                               
0000697e  SetupPacketInterruptHandler                
00000352  TA0CCR0                                    
00000354  TA0CCR1                                    
00000356  TA0CCR2                                    
00000358  TA0CCR3                                    
0000035a  TA0CCR4                                    
00000342  TA0CCTL0                                   
00000344  TA0CCTL1                                   
00000346  TA0CCTL2                                   
00000348  TA0CCTL3                                   
0000034a  TA0CCTL4                                   
00000340  TA0CTL                                     
00000360  TA0EX0                                     
0000036e  TA0IV                                      
00000350  TA0R                                       
00000392  TA1CCR0                                    
00000394  TA1CCR1                                    
00000396  TA1CCR2                                    
00000382  TA1CCTL0                                   
00000384  TA1CCTL1                                   
00000386  TA1CCTL2                                   
00000380  TA1CTL                                     
000003a0  TA1EX0                                     
000003ae  TA1IV                                      
00000390  TA1R                                       
00000412  TA2CCR0                                    
00000414  TA2CCR1                                    
00000416  TA2CCR2                                    
00000402  TA2CCTL0                                   
00000404  TA2CCTL1                                   
00000406  TA2CCTL2                                   
00000400  TA2CTL                                     
00000420  TA2EX0                                     
0000042e  TA2IV                                      
00000410  TA2R                                       
000003d2  TB0CCR0                                    
000003d4  TB0CCR1                                    
000003d6  TB0CCR2                                    
000003d8  TB0CCR3                                    
000003da  TB0CCR4                                    
000003dc  TB0CCR5                                    
000003de  TB0CCR6                                    
000003c2  TB0CCTL0                                   
000003c4  TB0CCTL1                                   
000003c6  TB0CCTL2                                   
000003c8  TB0CCTL3                                   
000003ca  TB0CCTL4                                   
000003cc  TB0CCTL5                                   
000003ce  TB0CCTL6                                   
000003c0  TB0CTL                                     
000003e0  TB0EX0                                     
000003ee  TB0IV                                      
000003d0  TB0R                                       
00006850  TLV_getInfo                                
000005d0  UCA0ABCTL                                  
000005c6  UCA0BRW                                    
000005c7  UCA0BRW_H                                  
000005c6  UCA0BRW_L                                  
000005c0  UCA0CTLW0                                  
000005c1  UCA0CTLW0_H                                
000005c0  UCA0CTLW0_L                                
000005dc  UCA0ICTL                                   
000005dd  UCA0ICTL_H                                 
000005dc  UCA0ICTL_L                                 
000005d2  UCA0IRCTL                                  
000005d3  UCA0IRCTL_H                                
000005d2  UCA0IRCTL_L                                
000005de  UCA0IV                                     
000005c8  UCA0MCTL                                   
000005cc  UCA0RXBUF                                  
000005ca  UCA0STAT                                   
000005ce  UCA0TXBUF                                  
00000610  UCA1ABCTL                                  
00000606  UCA1BRW                                    
00000607  UCA1BRW_H                                  
00000606  UCA1BRW_L                                  
00000600  UCA1CTLW0                                  
00000601  UCA1CTLW0_H                                
00000600  UCA1CTLW0_L                                
0000061c  UCA1ICTL                                   
0000061d  UCA1ICTL_H                                 
0000061c  UCA1ICTL_L                                 
00000612  UCA1IRCTL                                  
00000613  UCA1IRCTL_H                                
00000612  UCA1IRCTL_L                                
0000061e  UCA1IV                                     
00000608  UCA1MCTL                                   
0000060c  UCA1RXBUF                                  
0000060a  UCA1STAT                                   
0000060e  UCA1TXBUF                                  
000005e6  UCB0BRW                                    
000005e7  UCB0BRW_H                                  
000005e6  UCB0BRW_L                                  
000005e0  UCB0CTLW0                                  
000005e1  UCB0CTLW0_H                                
000005e0  UCB0CTLW0_L                                
000005f0  UCB0I2COA                                  
000005f1  UCB0I2COA_H                                
000005f0  UCB0I2COA_L                                
000005f2  UCB0I2CSA                                  
000005f3  UCB0I2CSA_H                                
000005f2  UCB0I2CSA_L                                
000005fc  UCB0ICTL                                   
000005fd  UCB0ICTL_H                                 
000005fc  UCB0ICTL_L                                 
000005fe  UCB0IV                                     
000005ec  UCB0RXBUF                                  
000005ea  UCB0STAT                                   
000005ee  UCB0TXBUF                                  
00000626  UCB1BRW                                    
00000627  UCB1BRW_H                                  
00000626  UCB1BRW_L                                  
00000620  UCB1CTLW0                                  
00000621  UCB1CTLW0_H                                
00000620  UCB1CTLW0_L                                
00000630  UCB1I2COA                                  
00000631  UCB1I2COA_H                                
00000630  UCB1I2COA_L                                
00000632  UCB1I2CSA                                  
00000633  UCB1I2CSA_H                                
00000632  UCB1I2CSA_L                                
0000063c  UCB1ICTL                                   
0000063d  UCB1ICTL_H                                 
0000063c  UCB1ICTL_L                                 
0000063e  UCB1IV                                     
0000062c  UCB1RXBUF                                  
0000062a  UCB1STAT                                   
0000062e  UCB1TXBUF                                  
00000160  UCSCTL0                                    
00000161  UCSCTL0_H                                  
00000160  UCSCTL0_L                                  
00000162  UCSCTL1                                    
00000163  UCSCTL1_H                                  
00000162  UCSCTL1_L                                  
00000164  UCSCTL2                                    
00000165  UCSCTL2_H                                  
00000164  UCSCTL2_L                                  
00000166  UCSCTL3                                    
00000167  UCSCTL3_H                                  
00000166  UCSCTL3_L                                  
00000168  UCSCTL4                                    
00000169  UCSCTL4_H                                  
00000168  UCSCTL4_L                                  
0000016a  UCSCTL5                                    
0000016b  UCSCTL5_H                                  
0000016a  UCSCTL5_L                                  
0000016c  UCSCTL6                                    
0000016d  UCSCTL6_H                                  
0000016c  UCSCTL6_L                                  
0000016e  UCSCTL7                                    
0000016f  UCSCTL7_H                                  
0000016e  UCSCTL7_L                                  
00000170  UCSCTL8                                    
00000171  UCSCTL8_H                                  
00000170  UCSCTL8_L                                  
00007416  UCS_clearFaultFlag                         
00005e06  UCS_initClockSignal                        
0000557e  UCS_initFLL                                
00006dc0  UCS_initFLLSettle                          
000073ee  UCS_turnOffXT2                             
00006b28  UCS_turnOnXT2WithTimeout                   
0000779c  UNMI_ISR                                   
00000902  USBCNF                                     
00000903  USBCNF_H                                   
00000902  USBCNF_L                                   
0000093c  USBCTL                                     
0000093a  USBFN                                      
0000093b  USBFN_H                                    
0000093a  USBFN_L                                    
0000093f  USBFUNADR                                  
00006be6  USBHAL_initClocks                          
00005bb6  USBHAL_initPorts                           
0000093d  USBIE                                      
00002378  USBIEP0BUF                                 
000023c9  USBIEPBBAX_1                               
000023d1  USBIEPBBAX_2                               
000023d9  USBIEPBBAX_3                               
000023e1  USBIEPBBAX_4                               
000023e9  USBIEPBBAX_5                               
000023f1  USBIEPBBAX_6                               
000023f9  USBIEPBBAX_7                               
000023cd  USBIEPBBAY_1                               
000023d5  USBIEPBBAY_2                               
000023dd  USBIEPBBAY_3                               
000023e5  USBIEPBBAY_4                               
000023ed  USBIEPBBAY_5                               
000023f5  USBIEPBBAY_6                               
000023fd  USBIEPBBAY_7                               
000023ca  USBIEPBCTX_1                               
000023d2  USBIEPBCTX_2                               
000023da  USBIEPBCTX_3                               
000023e2  USBIEPBCTX_4                               
000023ea  USBIEPBCTX_5                               
000023f2  USBIEPBCTX_6                               
000023fa  USBIEPBCTX_7                               
000023ce  USBIEPBCTY_1                               
000023d6  USBIEPBCTY_2                               
000023de  USBIEPBCTY_3                               
000023e6  USBIEPBCTY_4                               
000023ee  USBIEPBCTY_5                               
000023f6  USBIEPBCTY_6                               
000023fe  USBIEPBCTY_7                               
00000920  USBIEPCNF_0                                
000023c8  USBIEPCNF_1                                
000023d0  USBIEPCNF_2                                
000023d8  USBIEPCNF_3                                
000023e0  USBIEPCNF_4                                
000023e8  USBIEPCNF_5                                
000023f0  USBIEPCNF_6                                
000023f8  USBIEPCNF_7                                
00000921  USBIEPCNT_0                                
0000092e  USBIEPIE                                   
00000930  USBIEPIFG                                  
000023cf  USBIEPSIZXY_1                              
000023d7  USBIEPSIZXY_2                              
000023df  USBIEPSIZXY_3                              
000023e7  USBIEPSIZXY_4                              
000023ef  USBIEPSIZXY_5                              
000023f7  USBIEPSIZXY_6                              
000023ff  USBIEPSIZXY_7                              
0000093e  USBIFG                                     
00000900  USBKEYID                                   
00000901  USBKEYID_H                                 
00000900  USBKEYID_L                                 
00000936  USBMAINT                                   
00000937  USBMAINT_H                                 
00000936  USBMAINT_L                                 
00002822  USBMSC_config                              
0000741c  USBMSC_fetchInformationStructure           
00006c24  USBMSC_getState                            
00007440  USBMSC_handleBufferEvent                   
00006c62  USBMSC_initFSE                             
0000507a  USBMSC_pollCommand                         
00004772  USBMSC_processBuffer                       
00006024  USBMSC_processFSEBuffer                    
00006802  USBMSC_registerBufferInformation           
00006a5c  USBMSC_reset                               
00004efa  USBMSC_updateMediaInformation              
00002370  USBOEP0BUF                                 
00002389  USBOEPBBAX_1                               
00002391  USBOEPBBAX_2                               
00002399  USBOEPBBAX_3                               
000023a1  USBOEPBBAX_4                               
000023a9  USBOEPBBAX_5                               
000023b1  USBOEPBBAX_6                               
000023b9  USBOEPBBAX_7                               
0000238d  USBOEPBBAY_1                               
00002395  USBOEPBBAY_2                               
0000239d  USBOEPBBAY_3                               
000023a5  USBOEPBBAY_4                               
000023ad  USBOEPBBAY_5                               
000023b5  USBOEPBBAY_6                               
000023bd  USBOEPBBAY_7                               
0000238a  USBOEPBCTX_1                               
00002392  USBOEPBCTX_2                               
0000239a  USBOEPBCTX_3                               
000023a2  USBOEPBCTX_4                               
000023aa  USBOEPBCTX_5                               
000023b2  USBOEPBCTX_6                               
000023ba  USBOEPBCTX_7                               
0000238e  USBOEPBCTY_1                               
00002396  USBOEPBCTY_2                               
0000239e  USBOEPBCTY_3                               
000023a6  USBOEPBCTY_4                               
000023ae  USBOEPBCTY_5                               
000023b6  USBOEPBCTY_6                               
000023be  USBOEPBCTY_7                               
00000922  USBOEPCNF_0                                
00002388  USBOEPCNF_1                                
00002390  USBOEPCNF_2                                
00002398  USBOEPCNF_3                                
000023a0  USBOEPCNF_4                                
000023a8  USBOEPCNF_5                                
000023b0  USBOEPCNF_6                                
000023b8  USBOEPCNF_7                                
00000923  USBOEPCNT_0                                
0000092f  USBOEPIE                                   
00000931  USBOEPIFG                                  
0000238f  USBOEPSIZXY_1                              
00002397  USBOEPSIZXY_2                              
0000239f  USBOEPSIZXY_3                              
000023a7  USBOEPSIZXY_4                              
000023af  USBOEPSIZXY_5                              
000023b7  USBOEPSIZXY_6                              
000023bf  USBOEPSIZXY_7                              
00000904  USBPHYCTL                                  
00000905  USBPHYCTL_H                                
00000904  USBPHYCTL_L                                
00000910  USBPLLCTL                                  
00000911  USBPLLCTL_H                                
00000910  USBPLLCTL_L                                
00000912  USBPLLDIVB                                 
00000913  USBPLLDIVB_H                               
00000912  USBPLLDIVB_L                               
00000914  USBPLLIR                                   
00000915  USBPLLIR_H                                 
00000914  USBPLLIR_L                                 
00000908  USBPWRCTL                                  
00000909  USBPWRCTL_H                                
00000908  USBPWRCTL_L                                
00001c00  USBSTABUFF                                 
00002380  USBSUBLK                                   
0000236f  USBTOPBUFF                                 
00000938  USBTSREG                                   
00000939  USBTSREG_H                                 
00000938  USBTSREG_L                                 
00000932  USBVECINT                                  
00000933  USBVECINT_H                                
00000932  USBVECINT_L                                
0000599a  USB_InitSerialStringDescriptor             
00002814  USB_RX_memcpy                              
00002818  USB_TX_memcpy                              
00007222  USB_connect                                
00005a60  USB_determineFreq                          
000070c0  USB_disable                                
00005734  USB_enable                                 
00006df2  USB_getConnectionInformation               
00005c4e  USB_getConnectionState                     
00007422  USB_getVersion                             
00007444  USB_handleClockEvent                       
00007448  USB_handleEnumerationCompleteEvent         
0000744c  USB_handleResetEvent                       
00007450  USB_handleResumeEvent                      
00007454  USB_handleSuspendEvent                     
000073f6  USB_handleVbusOffEvent                     
0000730c  USB_handleVbusOnEvent                      
00005e92  USB_init                                   
0000659a  USB_initMemcpy                             
00005190  USB_reset                                  
00007256  USB_resume                                 
000069c8  USB_setup                                  
00006e86  USB_suspend                                
0000285e  VERSION                                    
0000015c  WDTCTL                                     
0000015d  WDTCTL_H                                   
0000015c  WDTCTL_L                                   
0000723c  WDT_A_hold                                 
00004400  __STACK_END                                
000000a0  __STACK_SIZE                               
UNDEFED   __TI_BINIT_Base                            
UNDEFED   __TI_BINIT_Limit                           
00007838  __TI_CINIT_Base                            
00007848  __TI_CINIT_Limit                           
00007830  __TI_Handler_Table_Base                    
00007838  __TI_Handler_Table_Limit                   
UNDEFED   __TI_INITARRAY_Base                        
UNDEFED   __TI_INITARRAY_Limit                       
000077f4  __TI_ISR_TRAP                              
000072b4  __TI_decompress_none                       
0000742e  __TI_decompress_rle24                      
0000ffd2  __TI_int41                                 
0000ffd4  __TI_int42                                 
0000ffd6  __TI_int43                                 
0000ffd8  __TI_int44                                 
0000ffda  __TI_int45                                 
0000ffdc  __TI_int46                                 
0000ffde  __TI_int47                                 
0000ffe0  __TI_int48                                 
0000ffe2  __TI_int49                                 
0000ffe4  __TI_int50                                 
0000ffe6  __TI_int51                                 
0000ffe8  __TI_int52                                 
0000ffea  __TI_int53                                 
0000ffec  __TI_int54                                 
0000ffee  __TI_int55                                 
0000fff0  __TI_int56                                 
0000fff2  __TI_int57                                 
0000fff4  __TI_int58                                 
0000fff6  __TI_int59                                 
0000fff8  __TI_int60                                 
0000fffa  __TI_int61                                 
[...]
00001fc0  pbYBufferAddressEp84                       
00002000  pbXBufferAddressEp5                        
00002040  pbYBufferAddressEp5                        
00002080  pbXBufferAddressEp85                       
000020c0  pbYBufferAddressEp85                       
00002100  pbXBufferAddressEp6                        
00002140  pbYBufferAddressEp6                        
00002180  pbXBufferAddressEp86                       
000021c0  pbYBufferAddressEp86                       
00002200  pbXBufferAddressEp7                        
00002240  pbYBufferAddressEp7                        
00002280  pbXBufferAddressEp87                       
000022c0  pbYBufferAddressEp87                       
0000236f  USBTOPBUFF                                 
00002370  USBOEP0BUF                                 
00002370  abOEP0Buffer                               
00002378  USBIEP0BUF                                 
00002378  abIEP0Buffer                               
00002380  USBSUBLK                                   
00002380  tSetupPacket                               
00002388  USBOEPCNF_1                                
00002388  tOutputEndPointDescriptorBlock             
00002389  USBOEPBBAX_1                               
0000238a  USBOEPBCTX_1                               
0000238d  USBOEPBBAY_1                               
0000238e  USBOEPBCTY_1                               
0000238f  USBOEPSIZXY_1                              
00002390  USBOEPCNF_2                                
00002391  USBOEPBBAX_2                               
00002392  USBOEPBCTX_2                               
00002395  USBOEPBBAY_2                               
00002396  USBOEPBCTY_2                               
00002397  USBOEPSIZXY_2                              
00002398  USBOEPCNF_3                                
00002399  USBOEPBBAX_3                               
0000239a  USBOEPBCTX_3                               
0000239d  USBOEPBBAY_3                               
0000239e  USBOEPBCTY_3                               
0000239f  USBOEPSIZXY_3                              
000023a0  USBOEPCNF_4                                
000023a1  USBOEPBBAX_4                               
000023a2  USBOEPBCTX_4                               
000023a5  USBOEPBBAY_4                               
000023a6  USBOEPBCTY_4                               
000023a7  USBOEPSIZXY_4                              
000023a8  USBOEPCNF_5                                
000023a9  USBOEPBBAX_5                               
000023aa  USBOEPBCTX_5                               
000023ad  USBOEPBBAY_5                               
000023ae  USBOEPBCTY_5                               
000023af  USBOEPSIZXY_5                              
000023b0  USBOEPCNF_6                                
000023b1  USBOEPBBAX_6                               
000023b2  USBOEPBCTX_6                               
000023b5  USBOEPBBAY_6                               
000023b6  USBOEPBCTY_6                               
000023b7  USBOEPSIZXY_6                              
000023b8  USBOEPCNF_7                                
000023b9  USBOEPBBAX_7                               
000023ba  USBOEPBCTX_7                               
000023bd  USBOEPBBAY_7                               
000023be  USBOEPBCTY_7                               
000023bf  USBOEPSIZXY_7                              
000023c8  USBIEPCNF_1                                
000023c8  tInputEndPointDescriptorBlock              
000023c9  USBIEPBBAX_1                               
000023ca  USBIEPBCTX_1                               
000023cd  USBIEPBBAY_1                               
000023ce  USBIEPBCTY_1                               
000023cf  USBIEPSIZXY_1                              
000023d0  USBIEPCNF_2                                
000023d1  USBIEPBBAX_2                               
000023d2  USBIEPBCTX_2                               
000023d5  USBIEPBBAY_2                               
000023d6  USBIEPBCTY_2                               
000023d7  USBIEPSIZXY_2                              
000023d8  USBIEPCNF_3                                
000023d9  USBIEPBBAX_3                               
000023da  USBIEPBCTX_3                               
000023dd  USBIEPBBAY_3                               
000023de  USBIEPBCTY_3                               
000023df  USBIEPSIZXY_3                              
000023e0  USBIEPCNF_4                                
000023e1  USBIEPBBAX_4                               
000023e2  USBIEPBCTX_4                               
000023e5  USBIEPBBAY_4                               
000023e6  USBIEPBCTY_4                               
000023e7  USBIEPSIZXY_4                              
000023e8  USBIEPCNF_5                                
000023e9  USBIEPBBAX_5                               
000023ea  USBIEPBCTX_5                               
000023ed  USBIEPBBAY_5                               
000023ee  USBIEPBCTY_5                               
000023ef  USBIEPSIZXY_5                              
000023f0  USBIEPCNF_6                                
000023f1  USBIEPBBAX_6                               
000023f2  USBIEPBCTX_6                               
000023f5  USBIEPBBAY_6                               
000023f6  USBIEPBCTY_6                               
000023f7  USBIEPSIZXY_6                              
000023f8  USBIEPCNF_7                                
000023f9  USBIEPBBAX_7                               
000023fa  USBIEPBCTX_7                               
000023fd  USBIEPBBAY_7                               
000023fe  USBIEPBCTY_7                               
000023ff  USBIEPSIZXY_7                              
00002400  RW_dataBuf                                 
00002600  Scsi_Standard_Inquiry_Data                 
00002700  sRwbuf                                     
00002724  MscWriteControl                            
00002746  abramSerialStringDescriptor                
00002768  McsCbw                                     
00002788  RequestSenseResponse                       
000027a8  MscReadControl                             
000027c6  MscState                                   
000027da  McsCsw                                     
000027e8  mediaInfo                                  
000027ff  bStatusAction                              
00002800  Scsi_Read_Capacity_10                      
00002808  abUsbRequestReturnData                     
00002810  RWbuf_info                                 
00002814  USB_RX_memcpy                              
00002818  USB_TX_memcpy                              
0000281c  wBytesRemainingOnIEP0                      
0000281e  wBytesRemainingOnOEP0                      
00002820  wUsbEventMask                              
00002822  USBMSC_config                              
00002842  MscControl                                 
00002852  Scsi_Mode_Sense_10                         
0000285b  bFunctionSuspended                         
0000285c  bEnumerationStatus                         
0000285e  VERSION                                    
00002862  Scsi_Mode_Sense_6                          
00004360  _stack                                     
00004400  MSCFromHostToBuffer                        
00004400  __STACK_END                                
00004772  USBMSC_processBuffer                       
00004a4a  MSCToHostFromBuffer                        
00004ce0  Scsi_Cmd_Parser                            
00004efa  USBMSC_updateMediaInformation              
0000507a  USBMSC_pollCommand                         
00005190  USB_reset                                  
0000529a  Scsi_Write10                               
0000539c  Scsi_Inquiry                               
00005494  Scsi_Read10                                
0000557e  UCS_initFLL                                
00005660  Check_CBW                                  
00005734  USB_enable                                 
00005806  PMM_setVCoreUp                             
000058d4  Scsi_Request_Sense                         
0000599a  USB_InitSerialStringDescriptor             
00005a60  USB_determineFreq                          
00005b0e  _auto_init_hold_wdt                        
00005bb6  USBHAL_initPorts                           
00005c4e  USB_getConnectionState                     
00005ce4  PMM_setVCoreDown                           
00005d78  MscCopyUsbToBuff                           
00005e06  UCS_initClockSignal                        
00005e92  USB_init                                   
00005f1e  usbDecodeAndProcessUsbRequest              
00005fa6  usbClearEndpointFeature                    
00006024  USBMSC_processFSEBuffer                    
0000609e  Scsi_Unknown_Request                       
00006116  usbSendNextPacketOnIEP0                    
0000618a  copy_in                                    
000061fc  PWRVBUSoffHandler                          
0000626a  usbGetEndpointStatus                       
000062d8  MscSendData                                
000063a8  memcpyDMA                                  
00006410  Reset_RequestSenseResponse                 
00006474  DMA_init                                   
000064d6  PWRVBUSonHandler                           
00006538  main                                       
0000659a  USB_initMemcpy                             
000065f8  Scsi_Mode_Sense10                          
00006652  Scsi_Mode_Sense6                           
000066ac  Scsi_Verify_CBW                            
00006706  __mspabi_divul                             
00006706  __mspabi_remul                             
0000675e  usbSetEndpointFeature                      
000067b2  usbGetStringDescriptor                     
00006802  USBMSC_registerBufferInformation           
00006850  TLV_getInfo                                
0000689c  usbReceiveNextPacketOnOEP0                 
000068e8  usbSetInterface                            
00006934  PMM_setVCore                               
0000697e  SetupPacketInterruptHandler                
000069c8  USB_setup                                  
00006a12  disk_read                                  
00006a5c  USBMSC_reset                               
00006aa2  Msc_ResetStruct                            
00006ae6  flashWrite_LBA                             
00006b28  UCS_turnOnXT2WithTimeout                   
00006b68  disk_write                                 
00006ba8  Scsi_Send_CSW                              
00006be6  USBHAL_initClocks                          
00006c24  USBMSC_getState                            
00006c62  USBMSC_initFSE                             
00006ca0  __mspabi_sral_15                           
00006ca4  __mspabi_sral_14                           
00006ca8  __mspabi_sral_13                           
00006cac  __mspabi_sral_12                           
00006cb0  __mspabi_sral_11                           
00006cb4  __mspabi_sral_10                           
00006cb8  __mspabi_sral_9                            
00006cbc  __mspabi_sral_8                            
00006cc0  __mspabi_sral_7                            
00006cc4  __mspabi_sral_6                            
00006cc8  __mspabi_sral_5                            
00006ccc  __mspabi_sral_4                            
00006cd0  __mspabi_sral_3                            
00006cd4  __mspabi_sral_2                            
00006cd8  __mspabi_sral_1                            
00006cde  __mspabi_slll_15                           
00006ce2  __mspabi_slll_14                           
00006ce6  __mspabi_slll_13                           
00006cea  __mspabi_slll_12                           
00006cee  __mspabi_slll_11                           
00006cf2  __mspabi_slll_10                           
00006cf6  __mspabi_slll_9                            
00006cfa  __mspabi_slll_8                            
00006cfe  __mspabi_slll_7                            
00006d02  __mspabi_slll_6                            
00006d06  __mspabi_slll_5                            
00006d0a  __mspabi_slll_4                            
00006d0e  __mspabi_slll_3                            
00006d12  __mspabi_slll_2                            
00006d16  __mspabi_slll_1                            
00006d1c  __mspabi_srll_15                           
00006d20  __mspabi_srll_14                           
00006d24  __mspabi_srll_13                           
00006d28  __mspabi_srll_12                           
00006d2c  __mspabi_srll_11                           
00006d30  __mspabi_srll_10                           
00006d34  __mspabi_srll_9                            
00006d38  __mspabi_srll_8                            
00006d3c  __mspabi_srll_7                            
00006d40  __mspabi_srll_6                            
00006d44  __mspabi_srll_5                            
00006d48  __mspabi_srll_4                            
00006d4c  __mspabi_srll_3                            
00006d50  __mspabi_srll_2                            
00006d54  __mspabi_srll_1                            
00006d5a  usbSetAddress                              
00006d8e  Scsi_Read_Capacity10                       
00006dc0  UCS_initFLLSettle                          
00006df2  USB_getConnectionInformation               
00006e24  memcpyV                                    
00006e56  Msc_ResetStateMachine                      
00006e86  USB_suspend                                
00006eb6  usbSetConfiguration                        
00006ee6  usbStallEndpoint                           
00006f14  usbGetDeviceStatus                         
00006f40  memcpy                                     
00006f6a  DMA_setDstAddress                          
00006f92  GPIO_setAsOutputPin                        
00006fba  GPIO_setAsPeripheralModuleFunctionOutputPin
00006fe2  Scsi_Report_Luns                           
0000700a  DMA_setSrcAddress                          
00007030  MscResetData                               
00007054  __mspabi_mpyl_f5hw                         
00007078  usbClearDeviceFeature                      
0000709c  usbSetDeviceFeature                        
000070c0  USB_disable                                
000070e2  memset                                     
00007102  usbSendDataPacketOnEP0                     
00007122  OEP0InterruptHandler                       
00007140  usbGetInterface                            
0000715e  usbGetInterfaceStatus                      
0000717c  GPIO_setOutputLowOnPin                     
00007198  IEP0InterruptHandler                       
000071b4  __mspabi_mpyul_f5hw                        
000071d0  usbDisableInEndpointInterrupt              
000071ec  usbDisableOutEndpointInterrupt             
00007208  Get_MaxLUN                                 
00007222  USB_connect                                
0000723c  WDT_A_hold                                 
00007256  USB_resume                                 
0000726e  __mspabi_mpyi_f5hw                         
00007286  usbStallOutEndpoint                        
0000729e  Scsi_Test_Unit_Ready                       
000072b4  __TI_decompress_none                       
000072ca  __mspabi_divu                              
000072ca  __mspabi_remu                              
000072e0  usbGetConfigurationDescriptor              
000072f6  usbGetDeviceDescriptor                     
0000730c  USB_handleVbusOnEvent                      
00007320  usbClearOEPByteCount                       
00007334  usbGetConfiguration                        
00007348  usbStallInEndpoint                         
0000735c  usbInvalidRequest                          
0000736e  DMA_disableTransfers                       
0000737e  DMA_enableTransfers                        
0000738e  DMA_getInterruptStatus                     
0000739c  DMA_startTransfer                          
000073aa  usbSendZeroLengthPacketOnIEP0              
000073b8  DMA_setTransferSize                        
000073c4  MscResetCtrlLun                            
000073d0  _system_pre_init                           
000073da  __mspabi_slli                              
000073e4  __mspabi_srli                              
000073ee  UCS_turnOffXT2                             
000073f6  USB_handleVbusOffEvent                     
000073fe  DMA_disableTransferDuringReadModifyWrite   
00007404  DMA_enableTransferDuringReadModifyWrite    
0000740a  Msc_ResetFlags                             
00007410  SFR_clearInterrupt                         
00007416  UCS_clearFaultFlag                         
0000741c  USBMSC_fetchInformationStructure           
00007422  USB_getVersion                             
00007428  C$$EXIT                                    
00007428  abort                                      
0000742e  __TI_decompress_rle24                      
00007434  usbRestoreInEndpointInterrupt              
0000743a  usbRestoreOutEndpointInterrupt             
00007440  USBMSC_handleBufferEvent                   
00007444  USB_handleClockEvent                       
00007448  USB_handleEnumerationCompleteEvent         
0000744c  USB_handleResetEvent                       
00007450  USB_handleResumeEvent                      
00007454  USB_handleSuspendEvent                     
00007458  _system_post_cinit                         
0000745a  tUsbRequestList                            
00007556  abromStringDescriptor                      
000075da  bScsi_Standard_Inquiry_Data                
00007620  abromConfigurationDescriptorGroup          
0000765c  abromDeviceDescriptor                      
0000766e  Report_Luns                                
0000767e  stUsbHandle                                
00007698  BYTES_PER_BLOCK                            
0000769a  iUsbInterruptHandler                       
0000779c  UNMI_ISR                                   
000077da  _c_int00_noargs_noexit                     
000077f4  __TI_ISR_TRAP                              
00007830  __TI_Handler_Table_Base                    
00007838  __TI_CINIT_Base                            
00007838  __TI_Handler_Table_Limit                   
00007848  __TI_CINIT_Limit                           
0000ffd2  __TI_int41                                 
0000ffd4  __TI_int42                                 
0000ffd6  __TI_int43                                 
0000ffd8  __TI_int44                                 
0000ffda  __TI_int45                                 
0000ffdc  __TI_int46                                 
0000ffde  __TI_int47                                 
0000ffe0  __TI_int48                                 
0000ffe2  __TI_int49                                 
0000ffe4  __TI_int50                                 
0000ffe6  __TI_int51                                 
0000ffe8  __TI_int52                                 
0000ffea  __TI_int53                                 
0000ffec  __TI_int54                                 
0000ffee  __TI_int55                                 
0000fff0  __TI_int56                                 
0000fff2  __TI_int57                                 
0000fff4  __TI_int58                                 
0000fff6  __TI_int59                                 
0000fff8  __TI_int60                                 
0000fffa  __TI_int61                                 
0000fffc  __TI_int62                                 
0000fffe  _reset_vector                              
00010000  storageVol                                 
ffffffff  __TI_pprof_out_hndl                        
ffffffff  __TI_prof_data_size                        
ffffffff  __TI_prof_data_start                       
ffffffff  __c_args__                                 
UNDEFED   __TI_BINIT_Base                            
UNDEFED   __TI_BINIT_Limit                           
UNDEFED   __TI_INITARRAY_Base                        
UNDEFED   __TI_INITARRAY_Limit                       

[1047 symbols]
